<html>
<body>
<pre>
<h1>µVision Build Log</h1>
<h2>Tool Versions:</h2>
IDE-Version: µVision V5.36.0.0
Copyright (C) 2021 ARM Ltd and ARM Germany GmbH. All rights reserved.
License Information: Andrew Chen, UT ECE, LIC=IC9S8-ME0ET-5EQRW-8L6I5-5HIEK-FI8B2
 
Tool Versions:
Toolchain:       MDK-ARM Professional  Version: 5.36.0.0
Toolchain Path:  C:\Keil_v5\ARM\ARMCC\Bin
C Compiler:      Armcc.exe V5.06 update 7 (build 960)
Assembler:       Armasm.exe V5.06 update 7 (build 960)
Linker/Locator:  ArmLink.exe V5.06 update 7 (build 960)
Library Manager: ArmAr.exe V5.06 update 7 (build 960)
Hex Converter:   FromElf.exe V5.06 update 7 (build 960)
CPU DLL:         SARMCM3.DLL V5.36.0.0
Dialog DLL:      DCM.DLL V1.17.3.0
Target DLL:      lmidk-agdi.dll V???
Dialog DLL:      TCM.DLL V1.53.0.0
 
<h2>Project:</h2>
C:\Keil_v5\EE319KwareSpring2022\Lab10_C++\Lab10_C++.uvprojx
Project File Date:  04/28/2022

<h2>Output:</h2>
*** Using Compiler 'V5.06 update 7 (build 960)', folder: 'C:\Keil_v5\ARM\ARMCC\Bin'
Build target 'Pac--Man'
compiling Sprite.cpp...
Sprite.cpp(78): warning:  #940-D: missing return statement at end of non-void function "Sprite::RedGhostDir" 
  }
Sprite.cpp(66): warning:  #177-D: variable "absDeltaX"  was declared but never referenced
  		int32_t absDeltaX = deltaX < 0 ? deltaX * -1 : deltaX;
Sprite.cpp(67): warning:  #177-D: variable "absDeltaY"  was declared but never referenced
  		int32_t absDeltaY = deltaY < 0 ? deltaY * -1 : deltaY;
Sprite.cpp(89): warning:  #940-D: missing return statement at end of non-void function "Sprite::PinkGhostDir" 
  }
Sprite.cpp(94): warning:  #177-D: variable "pinkTargetX"  was declared but never referenced
  			int32_t pinkTargetX = pacX - 10;
Sprite.cpp(95): warning:  #177-D: variable "pinkTargetY"  was declared but never referenced
  			int32_t pinkTargetY = pacY;
Sprite.cpp(97): warning:  #177-D: variable "pinkTargetX"  was declared but never referenced
  			int32_t pinkTargetX = pacX + 10;
Sprite.cpp(98): warning:  #177-D: variable "pinkTargetY"  was declared but never referenced
  			int32_t pinkTargetY = pacY;
Sprite.cpp(100): warning:  #177-D: variable "pinkTargetX"  was declared but never referenced
  			int32_t pinkTargetX = pacX;
Sprite.cpp(101): warning:  #177-D: variable "pinkTargetY"  was declared but never referenced
  			int32_t pinkTargetY = pacY - 10;
Sprite.cpp(103): warning:  #177-D: variable "pinkTargetX"  was declared but never referenced
  			int32_t pinkTargetX = pacX;
Sprite.cpp(104): warning:  #177-D: variable "pinkTargetY"  was declared but never referenced
  			int32_t pinkTargetY = pacY + 10;
Sprite.cpp(131): warning:  #940-D: missing return statement at end of non-void function "Sprite::YellowGhostDir" 
  }
Sprite.cpp(119): warning:  #177-D: variable "absDeltaX"  was declared but never referenced
  		int32_t absDeltaX = deltaX < 0 ? deltaX * -1 : deltaX;
Sprite.cpp(120): warning:  #177-D: variable "absDeltaY"  was declared but never referenced
  		int32_t absDeltaY = deltaY < 0 ? deltaY * -1 : deltaY;
Sprite.cpp(177): warning:  #940-D: missing return statement at end of non-void function "Sprite::CanMove" 
  }
Sprite.cpp(225): warning:  #940-D: missing return statement at end of non-void function "Sprite::GhostDir" 
  }
Sprite.cpp(213): warning:  #177-D: variable "absDeltaX"  was declared but never referenced
  	int32_t absDeltaX = deltaX < 0 ? deltaX * -1 : deltaX;
Sprite.cpp(214): warning:  #177-D: variable "absDeltaY"  was declared but never referenced
  	int32_t absDeltaY = deltaY < 0 ? deltaY * -1 : deltaY;
Sprite.cpp: 19 warnings, 0 errors
compiling Ghost.cpp...
Ghost.cpp(786): warning:  #1-D: last line of file ends without a newline
  }
Ghost.cpp: 1 warning, 0 errors
compiling Pac-Man.cpp...
linking...
Program Size: Code=13160 RO-data=202372 RW-data=152 ZI-data=3104  
".\Pac-Man.axf" - 0 Error(s), 20 Warning(s).

<h2>Software Packages used:</h2>

Package Vendor: ARM
                http://www.keil.com/pack/ARM.CMSIS.5.8.0.pack
                ARM.CMSIS.5.8.0
                CMSIS (Common Microcontroller Software Interface Standard)
   * Component: CORE Version: 5.5.0

Package Vendor: Keil
                http://www.keil.com/pack/Keil.TM4C_DFP.1.1.0.pack
                Keil.TM4C_DFP.1.1.0
                Texas Instruments Tiva C Series Device Support and Examples

<h2>Collection of Component include folders:</h2>
  .\RTE\_Pac--Man
  C:\Users\Andrew Chen\AppData\Local\Arm\Packs\ARM\CMSIS\5.8.0\CMSIS\Core\Include
  C:\Users\Andrew Chen\AppData\Local\Arm\Packs\Keil\TM4C_DFP\1.1.0\Device\Include\TM4C123

<h2>Collection of Component Files used:</h2>

   * Component: ARM::CMSIS:CORE:5.5.0
Build Time Elapsed:  00:00:00
</pre>
</body>
</html>
