Component: ARM Compiler 5.06 update 7 (build 960) Tool: armlink [4d3601]

==============================================================================

Section Cross References

    startup_tm4c123.o(STACK) refers (Special) to heapauxi.o(.text) for __use_two_region_memory
    startup_tm4c123.o(HEAP) refers (Special) to heapauxi.o(.text) for __use_two_region_memory
    startup_tm4c123.o(RESET) refers (Special) to heapauxi.o(.text) for __use_two_region_memory
    startup_tm4c123.o(RESET) refers to startup_tm4c123.o(STACK) for __initial_sp
    startup_tm4c123.o(RESET) refers to startup_tm4c123.o(.text) for Reset_Handler
    startup_tm4c123.o(RESET) refers to edgetrigger.o(.text) for GPIOE_Handler
    startup_tm4c123.o(RESET) refers to uart.o(.text) for UART1_Handler
    startup_tm4c123.o(RESET) refers to timer0.o(.text) for TIMER0A_Handler
    startup_tm4c123.o(RESET) refers to timer1.o(.text) for TIMER1A_Handler
    startup_tm4c123.o(RESET) refers to texas.o(.text) for TIMER5A_Handler
    startup_tm4c123.o(.text) refers (Special) to heapauxi.o(.text) for __use_two_region_memory
    startup_tm4c123.o(.text) refers to __main.o(!!!main) for __main
    startup_tm4c123.o(.text) refers to startup_tm4c123.o(HEAP) for Heap_Mem
    startup_tm4c123.o(.text) refers to startup_tm4c123.o(STACK) for Stack_Mem
    dac.o(.ARM.exidx) refers to dac.o(.text) for .text
    pll.o(.ARM.exidx) refers to pll.o(.text) for .text
    random.o(.text) refers to random.o(.data) for M
    random.o(.ARM.exidx) refers to random.o(.text) for .text
    st7735.o(.text) refers to st7735.o(.data) for RowStart
    st7735.o(.text) refers to st7735.o(.constdata) for Bcmd
    st7735.o(.text) refers to st7735.o(.bss) for Message
    st7735.o(.ARM.exidx) refers to st7735.o(.text) for .text
    slidepot.o(.ARM.exidx) refers to slidepot.o(.text) for .text
    sound.o(.text) refers to dac.o(.text) for DAC_Out(unsigned char)
    sound.o(.text) refers to timer1.o(.text) for Timer1_Init(void(*)(), unsigned)
    sound.o(.text) refers to sound.o(.data) for SoundIndex
    sound.o(.text) refers to sound.o(.constdata) for SoundLength
    sound.o(.ARM.exidx) refers to sound.o(.text) for .text
    sound.o(.data) refers to sound.o(.constdata) for pacman_beginning
    timer0.o(.text) refers to slidepot.o(.text) for ADC_SpeedIn()
    timer0.o(.text) refers to timer0.o(.data) for PeriodicTask0
    timer0.o(.ARM.exidx) refers to timer0.o(.text) for .text
    timer1.o(.text) refers to timer1.o(.data) for PeriodicTask1
    timer1.o(.ARM.exidx) refers to timer1.o(.text) for .text
    uart.o(.text) refers to fifo.o(.text) for Queue::Queue()
    uart.o(.text) refers to uart.o(.bss) for RxFifo
    uart.o(.ARM.exidx) refers to uart.o(.text) for .text
    uart.o(.init_array) refers to uart.o(.text) for __sti___8_UART_cpp_RxFifo
    uart.o(.init_array) refers to init_aeabi.o(.text) for __cpp_initialize__aeabi_
    fifo.o(.ARM.exidx) refers to fifo.o(.text) for .text
    texas.o(.text) refers to pll.o(.text) for PLL_Init(unsigned)
    texas.o(.ARM.exidx) refers to texas.o(.text) for .text
    edgetrigger.o(.text) refers to edgetrigger.o(.data) for PeriodicTaskEdge
    edgetrigger.o(.ARM.exidx) refers to edgetrigger.o(.text) for .text
    pac-man.o(.text) refers to sprite.o(.text) for Sprite::Sprite(int, int, const unsigned short**, unsigned char, const unsigned short**, unsigned char, const unsigned short*, unsigned char, unsigned char, status_t)
    pac-man.o(.text) refers to rt_memcpy_w.o(.text) for __aeabi_memcpy4
    pac-man.o(.text) refers to st7735.o(.text) for ST7735_DrawPixel(short, short, unsigned short)
    pac-man.o(.text) refers to sound.o(.text) for endSound()
    pac-man.o(.text) refers to pac-man.o(.data) for count
    pac-man.o(.text) refers to pac-man.o(.constdata) for black9x9
    pac-man.o(.text) refers to pac-man.o(.bss) for pac
    pac-man.o(.text) refers to slidepot.o(.text) for ADC_JoyIn(unsigned*)
    pac-man.o(.text) refers to startup_tm4c123.o(.text) for DisableInterrupts
    pac-man.o(.text) refers to pll.o(.text) for PLL_Init(unsigned)
    pac-man.o(.text) refers to timer0.o(.text) for Timer0_Init(void(*)(), unsigned)
    pac-man.o(.text) refers to edgetrigger.o(.text) for EdgeTrigger_Init(void(*)(unsigned char))
    pac-man.o(.text) refers to food.o(.text) for Food::checkFoodCollision(int, int)
    pac-man.o(.ARM.exidx) refers to pac-man.o(.text) for .text
    pac-man.o(.data) refers to pac-man.o(.constdata) for pacman_open_right
    pac-man.o(.init_array) refers to pac-man.o(.text) for __sti___11_Pac_Man_cpp_pacAlive
    pac-man.o(.init_array) refers to init_aeabi.o(.text) for __cpp_initialize__aeabi_
    sprite.o(.text) refers to st7735.o(.text) for ST7735_DrawBitmap(short, short, const unsigned short*, short, short)
    sprite.o(.text) refers to sprite.o(.data) for index
    sprite.o(.text) refers to sprite.o(.constdata) for black9x9
    sprite.o(.ARM.exidx) refers to sprite.o(.text) for .text
    ghost.o(.text) refers to st7735.o(.text) for ST7735_DrawBitmap(short, short, const unsigned short*, short, short)
    ghost.o(.text) refers to ghost.o(.data) for moveConstant
    ghost.o(.ARM.exidx) refers to ghost.o(.text) for .text
    food.o(.ARM.exidx) refers to food.o(.text) for .text
    __main.o(!!!main) refers to __rtentry.o(.ARM.Collect$$rtentry$$00000000) for __rt_entry
    init_aeabi.o(.emb_text) refers (Special) to libinit2.o(.ARM.Collect$$libinit$$00000031) for __rt_lib_init_cpp_2
    init_aeabi.o(.init_array) refers (Special) to libinit2.o(.ARM.Collect$$libinit$$00000031) for __rt_lib_init_cpp_2
    init_aeabi.o(.init_array) refers to init_aeabi.o(.text) for __cpp_initialize__aeabi_
    init_aeabi.o(.dummy_text) refers (Special) to libinit2.o(.ARM.Collect$$libinit$$00000031) for __rt_lib_init_cpp_2
    init_aeabi.o(.text) refers (Special) to libinit2.o(.ARM.Collect$$libinit$$00000031) for __rt_lib_init_cpp_2
    init_aeabi.o(.ARM.exidx) refers (Special) to libinit2.o(.ARM.Collect$$libinit$$00000031) for __rt_lib_init_cpp_2
    init_aeabi.o(.ARM.exidx) refers to init_aeabi.o(.text) for .text
    __rtentry.o(.ARM.Collect$$rtentry$$00000000) refers (Special) to __rtentry2.o(.ARM.Collect$$rtentry$$0000000A) for __rt_entry_li
    __rtentry.o(.ARM.Collect$$rtentry$$00000000) refers (Special) to __rtentry2.o(.ARM.Collect$$rtentry$$0000000D) for __rt_entry_main
    __rtentry.o(.ARM.Collect$$rtentry$$00000000) refers (Special) to __rtentry2.o(.ARM.Collect$$rtentry$$0000000C) for __rt_entry_postli_1
    __rtentry.o(.ARM.Collect$$rtentry$$00000000) refers (Special) to __rtentry2.o(.ARM.Collect$$rtentry$$00000009) for __rt_entry_postsh_1
    __rtentry.o(.ARM.Collect$$rtentry$$00000000) refers (Special) to __rtentry2.o(.ARM.Collect$$rtentry$$00000002) for __rt_entry_presh_1
    __rtentry.o(.ARM.Collect$$rtentry$$00000000) refers (Special) to __rtentry4.o(.ARM.Collect$$rtentry$$00000004) for __rt_entry_sh
    libinit2.o(.ARM.Collect$$libinit$$00000010) refers to libinit2.o(.ARM.Collect$$libinit$$0000000F) for .ARM.Collect$$libinit$$0000000F
    libinit2.o(.ARM.Collect$$libinit$$00000012) refers to libinit2.o(.ARM.Collect$$libinit$$0000000F) for .ARM.Collect$$libinit$$0000000F
    libinit2.o(.ARM.Collect$$libinit$$00000014) refers to libinit2.o(.ARM.Collect$$libinit$$0000000F) for .ARM.Collect$$libinit$$0000000F
    libinit2.o(.ARM.Collect$$libinit$$00000016) refers to libinit2.o(.ARM.Collect$$libinit$$0000000F) for .ARM.Collect$$libinit$$0000000F
    libinit2.o(.ARM.Collect$$libinit$$00000018) refers to libinit2.o(.ARM.Collect$$libinit$$0000000F) for .ARM.Collect$$libinit$$0000000F
    libinit2.o(.ARM.Collect$$libinit$$00000026) refers to argv_veneer.o(.emb_text) for __ARM_argv_veneer
    libinit2.o(.ARM.Collect$$libinit$$00000027) refers to argv_veneer.o(.emb_text) for __ARM_argv_veneer
    libinit2.o(.ARM.Collect$$libinit$$00000031) refers (Weak) to init_aeabi.o(.text) for __cpp_initialize__aeabi_
    __rtentry2.o(.ARM.Collect$$rtentry$$00000008) refers to boardinit2.o(.text) for _platform_post_stackheap_init
    __rtentry2.o(.ARM.Collect$$rtentry$$0000000A) refers to libinit.o(.ARM.Collect$$libinit$$00000000) for __rt_lib_init
    __rtentry2.o(.ARM.Collect$$rtentry$$0000000B) refers to boardinit3.o(.text) for _platform_post_lib_init
    __rtentry2.o(.ARM.Collect$$rtentry$$0000000D) refers to pac-man.o(.text) for main
    __rtentry2.o(.ARM.Collect$$rtentry$$0000000D) refers to exit.o(.text) for exit
    __rtentry2.o(.ARM.exidx) refers to __rtentry2.o(.ARM.Collect$$rtentry$$00000001) for .ARM.Collect$$rtentry$$00000001
    __rtentry2.o(.ARM.exidx) refers to __rtentry2.o(.ARM.Collect$$rtentry$$00000008) for .ARM.Collect$$rtentry$$00000008
    __rtentry2.o(.ARM.exidx) refers to __rtentry2.o(.ARM.Collect$$rtentry$$0000000A) for .ARM.Collect$$rtentry$$0000000A
    __rtentry2.o(.ARM.exidx) refers to __rtentry2.o(.ARM.Collect$$rtentry$$0000000B) for .ARM.Collect$$rtentry$$0000000B
    __rtentry2.o(.ARM.exidx) refers to __rtentry2.o(.ARM.Collect$$rtentry$$0000000D) for .ARM.Collect$$rtentry$$0000000D
    __rtentry4.o(.ARM.Collect$$rtentry$$00000004) refers to sys_stackheap_outer.o(.text) for __user_setup_stackheap
    __rtentry4.o(.ARM.exidx) refers to __rtentry4.o(.ARM.Collect$$rtentry$$00000004) for .ARM.Collect$$rtentry$$00000004
    argv_veneer.o(.emb_text) refers to no_argv.o(.text) for __ARM_get_argv
    sys_stackheap_outer.o(.text) refers to libspace.o(.text) for __user_perproc_libspace
    sys_stackheap_outer.o(.text) refers to startup_tm4c123.o(.text) for __user_initial_stackheap
    exit.o(.text) refers to rtexit.o(.ARM.Collect$$rtexit$$00000000) for __rt_exit
    _get_argv_nomalloc.o(.text) refers (Special) to hrguard.o(.text) for __heap_region$guard
    _get_argv_nomalloc.o(.text) refers to defsig_rtmem_outer.o(.text) for __rt_SIGRTMEM
    _get_argv_nomalloc.o(.text) refers to sys_command.o(.text) for _sys_command_string
    libinit.o(.ARM.Collect$$libinit$$00000000) refers (Special) to libinit2.o(.ARM.Collect$$libinit$$0000002E) for __rt_lib_init_alloca_1
    libinit.o(.ARM.Collect$$libinit$$00000000) refers (Special) to libinit2.o(.ARM.Collect$$libinit$$0000002C) for __rt_lib_init_argv_1
    libinit.o(.ARM.Collect$$libinit$$00000000) refers (Special) to libinit2.o(.ARM.Collect$$libinit$$0000001B) for __rt_lib_init_atexit_1
    libinit.o(.ARM.Collect$$libinit$$00000000) refers (Special) to libinit2.o(.ARM.Collect$$libinit$$00000021) for __rt_lib_init_clock_1
    libinit.o(.ARM.Collect$$libinit$$00000000) refers (Special) to libinit2.o(.ARM.Collect$$libinit$$00000032) for __rt_lib_init_cpp_1
    libinit.o(.ARM.Collect$$libinit$$00000000) refers (Special) to libinit2.o(.ARM.Collect$$libinit$$00000030) for __rt_lib_init_exceptions_1
    libinit.o(.ARM.Collect$$libinit$$00000000) refers (Special) to libinit2.o(.ARM.Collect$$libinit$$00000002) for __rt_lib_init_fp_1
    libinit.o(.ARM.Collect$$libinit$$00000000) refers (Special) to libinit2.o(.ARM.Collect$$libinit$$0000001F) for __rt_lib_init_fp_trap_1
    libinit.o(.ARM.Collect$$libinit$$00000000) refers (Special) to libinit2.o(.ARM.Collect$$libinit$$00000023) for __rt_lib_init_getenv_1
    libinit.o(.ARM.Collect$$libinit$$00000000) refers (Special) to libinit2.o(.ARM.Collect$$libinit$$0000000A) for __rt_lib_init_heap_1
    libinit.o(.ARM.Collect$$libinit$$00000000) refers (Special) to libinit2.o(.ARM.Collect$$libinit$$00000011) for __rt_lib_init_lc_collate_1
    libinit.o(.ARM.Collect$$libinit$$00000000) refers (Special) to libinit2.o(.ARM.Collect$$libinit$$00000013) for __rt_lib_init_lc_ctype_1
    libinit.o(.ARM.Collect$$libinit$$00000000) refers (Special) to libinit2.o(.ARM.Collect$$libinit$$00000015) for __rt_lib_init_lc_monetary_1
    libinit.o(.ARM.Collect$$libinit$$00000000) refers (Special) to libinit2.o(.ARM.Collect$$libinit$$00000017) for __rt_lib_init_lc_numeric_1
    libinit.o(.ARM.Collect$$libinit$$00000000) refers (Special) to libinit2.o(.ARM.Collect$$libinit$$00000019) for __rt_lib_init_lc_time_1
    libinit.o(.ARM.Collect$$libinit$$00000000) refers (Special) to libinit2.o(.ARM.Collect$$libinit$$00000004) for __rt_lib_init_preinit_1
    libinit.o(.ARM.Collect$$libinit$$00000000) refers (Special) to libinit2.o(.ARM.Collect$$libinit$$0000000E) for __rt_lib_init_rand_1
    libinit.o(.ARM.Collect$$libinit$$00000000) refers (Special) to libinit2.o(.ARM.Collect$$libinit$$00000033) for __rt_lib_init_return
    libinit.o(.ARM.Collect$$libinit$$00000000) refers (Special) to libinit2.o(.ARM.Collect$$libinit$$0000001D) for __rt_lib_init_signal_1
    libinit.o(.ARM.Collect$$libinit$$00000000) refers (Special) to libinit2.o(.ARM.Collect$$libinit$$00000025) for __rt_lib_init_stdio_1
    libinit.o(.ARM.Collect$$libinit$$00000000) refers (Special) to libinit2.o(.ARM.Collect$$libinit$$0000000C) for __rt_lib_init_user_alloc_1
    sys_command.o(.text) refers (Special) to use_no_semi.o(.text) for __I$use$semihosting
    sys_command.o(.text) refers (Special) to indicate_semi.o(.text) for __semihosting_library_function
    libspace.o(.text) refers to libspace.o(.bss) for __libspace_start
    rtexit.o(.ARM.Collect$$rtexit$$00000000) refers (Special) to rtexit2.o(.ARM.Collect$$rtexit$$00000004) for __rt_exit_exit
    rtexit.o(.ARM.Collect$$rtexit$$00000000) refers (Special) to rtexit2.o(.ARM.Collect$$rtexit$$00000003) for __rt_exit_ls
    rtexit.o(.ARM.Collect$$rtexit$$00000000) refers (Special) to rtexit2.o(.ARM.Collect$$rtexit$$00000002) for __rt_exit_prels_1
    rtexit.o(.ARM.exidx) refers (Special) to rtexit2.o(.ARM.Collect$$rtexit$$00000004) for __rt_exit_exit
    rtexit.o(.ARM.exidx) refers (Special) to rtexit2.o(.ARM.Collect$$rtexit$$00000003) for __rt_exit_ls
    rtexit.o(.ARM.exidx) refers (Special) to rtexit2.o(.ARM.Collect$$rtexit$$00000002) for __rt_exit_prels_1
    rtexit.o(.ARM.exidx) refers to rtexit.o(.ARM.Collect$$rtexit$$00000000) for .ARM.Collect$$rtexit$$00000000
    defsig_rtmem_outer.o(.text) refers to defsig_rtmem_inner.o(.text) for __rt_SIGRTMEM_inner
    defsig_rtmem_outer.o(.text) refers to defsig_exit.o(.text) for __sig_exit
    defsig_rtmem_formal.o(.text) refers to rt_raise.o(.text) for __rt_raise
    rtexit2.o(.ARM.Collect$$rtexit$$00000003) refers to libshutdown.o(.ARM.Collect$$libshutdown$$00000000) for __rt_lib_shutdown
    rtexit2.o(.ARM.Collect$$rtexit$$00000004) refers to sys_exit.o(.text) for _sys_exit
    rtexit2.o(.ARM.exidx) refers to rtexit2.o(.ARM.Collect$$rtexit$$00000001) for .ARM.Collect$$rtexit$$00000001
    rtexit2.o(.ARM.exidx) refers to rtexit2.o(.ARM.Collect$$rtexit$$00000003) for .ARM.Collect$$rtexit$$00000003
    rtexit2.o(.ARM.exidx) refers to rtexit2.o(.ARM.Collect$$rtexit$$00000004) for .ARM.Collect$$rtexit$$00000004
    rt_raise.o(.text) refers to __raise.o(.text) for __raise
    rt_raise.o(.text) refers to sys_exit.o(.text) for _sys_exit
    defsig_exit.o(.text) refers to sys_exit.o(.text) for _sys_exit
    defsig_rtmem_inner.o(.text) refers to defsig_general.o(.text) for __default_signal_display
    sys_exit.o(.text) refers (Special) to use_no_semi.o(.text) for __I$use$semihosting
    sys_exit.o(.text) refers (Special) to indicate_semi.o(.text) for __semihosting_library_function
    __raise.o(.text) refers to defsig.o(CL$$defsig) for __default_signal_handler
    defsig_general.o(.text) refers to sys_wrch.o(.text) for _ttywrch
    libshutdown.o(.ARM.Collect$$libshutdown$$00000000) refers (Special) to libshutdown2.o(.ARM.Collect$$libshutdown$$00000004) for __rt_lib_shutdown_cpp_1
    libshutdown.o(.ARM.Collect$$libshutdown$$00000000) refers (Special) to libshutdown2.o(.ARM.Collect$$libshutdown$$00000002) for __rt_lib_shutdown_fini_1
    libshutdown.o(.ARM.Collect$$libshutdown$$00000000) refers (Special) to libshutdown2.o(.ARM.Collect$$libshutdown$$00000009) for __rt_lib_shutdown_fp_trap_1
    libshutdown.o(.ARM.Collect$$libshutdown$$00000000) refers (Special) to libshutdown2.o(.ARM.Collect$$libshutdown$$00000011) for __rt_lib_shutdown_heap_1
    libshutdown.o(.ARM.Collect$$libshutdown$$00000000) refers (Special) to libshutdown2.o(.ARM.Collect$$libshutdown$$00000012) for __rt_lib_shutdown_return
    libshutdown.o(.ARM.Collect$$libshutdown$$00000000) refers (Special) to libshutdown2.o(.ARM.Collect$$libshutdown$$0000000C) for __rt_lib_shutdown_signal_1
    libshutdown.o(.ARM.Collect$$libshutdown$$00000000) refers (Special) to libshutdown2.o(.ARM.Collect$$libshutdown$$00000006) for __rt_lib_shutdown_stdio_1
    libshutdown.o(.ARM.Collect$$libshutdown$$00000000) refers (Special) to libshutdown2.o(.ARM.Collect$$libshutdown$$0000000E) for __rt_lib_shutdown_user_alloc_1
    sys_wrch.o(.text) refers (Special) to use_no_semi.o(.text) for __I$use$semihosting
    sys_wrch.o(.text) refers (Special) to indicate_semi.o(.text) for __semihosting_library_function
    defsig.o(CL$$defsig) refers to defsig_rtmem_inner.o(.text) for __rt_SIGRTMEM_inner
    defsig_abrt_inner.o(.text) refers to defsig_general.o(.text) for __default_signal_display
    defsig_fpe_inner.o(.text) refers to defsig_general.o(.text) for __default_signal_display
    defsig_rtred_inner.o(.text) refers to defsig_general.o(.text) for __default_signal_display
    defsig_stak_inner.o(.text) refers to defsig_general.o(.text) for __default_signal_display
    defsig_pvfn_inner.o(.text) refers to defsig_general.o(.text) for __default_signal_display
    defsig_cppl_inner.o(.text) refers to defsig_general.o(.text) for __default_signal_display
    defsig_segv_inner.o(.text) refers to defsig_general.o(.text) for __default_signal_display
    defsig_other.o(.text) refers to defsig_general.o(.text) for __default_signal_display


==============================================================================

Removing Unused input sections from the image.

    Removing dac.o(.ARM.exidx), (8 bytes).
    Removing pll.o(.ARM.exidx), (8 bytes).
    Removing random.o(.text), (64 bytes).
    Removing random.o(.ARM.exidx), (8 bytes).
    Removing random.o(.data), (4 bytes).
    Removing st7735.o(.ARM.exidx), (8 bytes).
    Removing slidepot.o(.ARM.exidx), (8 bytes).
    Removing sound.o(.ARM.exidx), (8 bytes).
    Removing timer0.o(.ARM.exidx), (8 bytes).
    Removing timer1.o(.ARM.exidx), (8 bytes).
    Removing uart.o(.ARM.exidx), (8 bytes).
    Removing fifo.o(.ARM.exidx), (8 bytes).
    Removing texas.o(.ARM.exidx), (8 bytes).
    Removing edgetrigger.o(.ARM.exidx), (8 bytes).
    Removing pac-man.o(.ARM.exidx), (8 bytes).
    Removing sprite.o(.ARM.exidx), (8 bytes).
    Removing ghost.o(.text), (6012 bytes).
    Removing ghost.o(.ARM.exidx), (8 bytes).
    Removing ghost.o(.data), (2 bytes).
    Removing food.o(.ARM.exidx), (8 bytes).

20 unused section(s) (total 6210 bytes) removed from the image.

==============================================================================

Image Symbol Table

    Local Symbols

    Symbol Name                              Value     Ov Type        Size  Object(Section)

    RESET                                    0x00000000   Section      620  startup_tm4c123.o(RESET)
    ../clib/angel/boardlib.s                 0x00000000   Number         0  boardshut.o ABSOLUTE
    ../clib/angel/boardlib.s                 0x00000000   Number         0  boardinit2.o ABSOLUTE
    ../clib/angel/boardlib.s                 0x00000000   Number         0  boardinit3.o ABSOLUTE
    ../clib/angel/boardlib.s                 0x00000000   Number         0  boardinit1.o ABSOLUTE
    ../clib/angel/handlers.s                 0x00000000   Number         0  __scatter_zi.o ABSOLUTE
    ../clib/angel/handlers.s                 0x00000000   Number         0  __scatter_copy.o ABSOLUTE
    ../clib/angel/kernel.s                   0x00000000   Number         0  __rtentry.o ABSOLUTE
    ../clib/angel/kernel.s                   0x00000000   Number         0  rtexit.o ABSOLUTE
    ../clib/angel/kernel.s                   0x00000000   Number         0  __rtentry4.o ABSOLUTE
    ../clib/angel/kernel.s                   0x00000000   Number         0  __rtentry2.o ABSOLUTE
    ../clib/angel/kernel.s                   0x00000000   Number         0  rtexit2.o ABSOLUTE
    ../clib/angel/rt.s                       0x00000000   Number         0  rt_raise.o ABSOLUTE
    ../clib/angel/scatter.s                  0x00000000   Number         0  __scatter.o ABSOLUTE
    ../clib/angel/startup.s                  0x00000000   Number         0  __main.o ABSOLUTE
    ../clib/angel/sys.s                      0x00000000   Number         0  sys_stackheap_outer.o ABSOLUTE
    ../clib/angel/sys.s                      0x00000000   Number         0  libspace.o ABSOLUTE
    ../clib/angel/sys.s                      0x00000000   Number         0  indicate_semi.o ABSOLUTE
    ../clib/angel/sys.s                      0x00000000   Number         0  use_no_semi.o ABSOLUTE
    ../clib/angel/sysapp.c                   0x00000000   Number         0  sys_wrch.o ABSOLUTE
    ../clib/angel/sysapp.c                   0x00000000   Number         0  sys_command.o ABSOLUTE
    ../clib/angel/sysapp.c                   0x00000000   Number         0  sys_exit.o ABSOLUTE
    ../clib/arm_runtime.c                    0x00000000   Number         0  init_aeabi.o ABSOLUTE
    ../clib/arm_runtime.c                    0x00000000   Number         0  init_aeabi.o ABSOLUTE
    ../clib/armsys.c                         0x00000000   Number         0  argv_veneer.o ABSOLUTE
    ../clib/armsys.c                         0x00000000   Number         0  _get_argv_nomalloc.o ABSOLUTE
    ../clib/armsys.c                         0x00000000   Number         0  argv_veneer.o ABSOLUTE
    ../clib/armsys.c                         0x00000000   Number         0  no_argv.o ABSOLUTE
    ../clib/heapalloc.c                      0x00000000   Number         0  hrguard.o ABSOLUTE
    ../clib/heapaux.c                        0x00000000   Number         0  heapauxi.o ABSOLUTE
    ../clib/libinit.s                        0x00000000   Number         0  libinit.o ABSOLUTE
    ../clib/libinit.s                        0x00000000   Number         0  libshutdown2.o ABSOLUTE
    ../clib/libinit.s                        0x00000000   Number         0  libshutdown.o ABSOLUTE
    ../clib/libinit.s                        0x00000000   Number         0  libinit2.o ABSOLUTE
    ../clib/memcpset.s                       0x00000000   Number         0  rt_memcpy_w.o ABSOLUTE
    ../clib/signal.c                         0x00000000   Number         0  defsig_abrt_inner.o ABSOLUTE
    ../clib/signal.c                         0x00000000   Number         0  defsig_rtmem_outer.o ABSOLUTE
    ../clib/signal.c                         0x00000000   Number         0  defsig_general.o ABSOLUTE
    ../clib/signal.c                         0x00000000   Number         0  defsig_exit.o ABSOLUTE
    ../clib/signal.c                         0x00000000   Number         0  defsig_rtmem_inner.o ABSOLUTE
    ../clib/signal.c                         0x00000000   Number         0  __raise.o ABSOLUTE
    ../clib/signal.c                         0x00000000   Number         0  defsig_rtmem_formal.o ABSOLUTE
    ../clib/signal.c                         0x00000000   Number         0  defsig_other.o ABSOLUTE
    ../clib/signal.c                         0x00000000   Number         0  defsig_segv_inner.o ABSOLUTE
    ../clib/signal.c                         0x00000000   Number         0  defsig_cppl_inner.o ABSOLUTE
    ../clib/signal.c                         0x00000000   Number         0  defsig_pvfn_inner.o ABSOLUTE
    ../clib/signal.c                         0x00000000   Number         0  defsig_stak_inner.o ABSOLUTE
    ../clib/signal.c                         0x00000000   Number         0  defsig_rtred_inner.o ABSOLUTE
    ../clib/signal.c                         0x00000000   Number         0  defsig_fpe_inner.o ABSOLUTE
    ../clib/signal.s                         0x00000000   Number         0  defsig.o ABSOLUTE
    ../clib/stdlib.c                         0x00000000   Number         0  exit.o ABSOLUTE
    ../fplib/fpinit.s                        0x00000000   Number         0  fpinit.o ABSOLUTE
    Character.cpp                            0x00000000   Number         0  character.o ABSOLUTE
    DAC.cpp                                  0x00000000   Number         0  dac.o ABSOLUTE
    EdgeTrigger.cpp                          0x00000000   Number         0  edgetrigger.o ABSOLUTE
    FIFO.cpp                                 0x00000000   Number         0  fifo.o ABSOLUTE
    Food.cpp                                 0x00000000   Number         0  food.o ABSOLUTE
    Ghost.cpp                                0x00000000   Number         0  ghost.o ABSOLUTE
    PLL.cpp                                  0x00000000   Number         0  pll.o ABSOLUTE
    Pac-Man.cpp                              0x00000000   Number         0  pac-man.o ABSOLUTE
    ST7735.cpp                               0x00000000   Number         0  st7735.o ABSOLUTE
    SlidePot.cpp                             0x00000000   Number         0  slidepot.o ABSOLUTE
    Sound.cpp                                0x00000000   Number         0  sound.o ABSOLUTE
    Sprite.cpp                               0x00000000   Number         0  sprite.o ABSOLUTE
    TExaS.cpp                                0x00000000   Number         0  texas.o ABSOLUTE
    Timer0.cpp                               0x00000000   Number         0  timer0.o ABSOLUTE
    Timer1.cpp                               0x00000000   Number         0  timer1.o ABSOLUTE
    UART.cpp                                 0x00000000   Number         0  uart.o ABSOLUTE
    dc.s                                     0x00000000   Number         0  dc.o ABSOLUTE
    random.cpp                               0x00000000   Number         0  random.o ABSOLUTE
    startup_TM4C123.s                        0x00000000   Number         0  startup_tm4c123.o ABSOLUTE
    !!!main                                  0x0000026c   Section        8  __main.o(!!!main)
    !!!scatter                               0x00000274   Section       52  __scatter.o(!!!scatter)
    !!handler_copy                           0x000002a8   Section       26  __scatter_copy.o(!!handler_copy)
    !!handler_zi                             0x000002c4   Section       28  __scatter_zi.o(!!handler_zi)
    .ARM.Collect$$libinit$$00000000          0x000002e0   Section        2  libinit.o(.ARM.Collect$$libinit$$00000000)
    .ARM.Collect$$libinit$$00000002          0x000002e2   Section        0  libinit2.o(.ARM.Collect$$libinit$$00000002)
    .ARM.Collect$$libinit$$00000004          0x000002e2   Section        0  libinit2.o(.ARM.Collect$$libinit$$00000004)
    .ARM.Collect$$libinit$$0000000A          0x000002e2   Section        0  libinit2.o(.ARM.Collect$$libinit$$0000000A)
    .ARM.Collect$$libinit$$0000000C          0x000002e2   Section        0  libinit2.o(.ARM.Collect$$libinit$$0000000C)
    .ARM.Collect$$libinit$$0000000E          0x000002e2   Section        0  libinit2.o(.ARM.Collect$$libinit$$0000000E)
    .ARM.Collect$$libinit$$00000011          0x000002e2   Section        0  libinit2.o(.ARM.Collect$$libinit$$00000011)
    .ARM.Collect$$libinit$$00000013          0x000002e2   Section        0  libinit2.o(.ARM.Collect$$libinit$$00000013)
    .ARM.Collect$$libinit$$00000015          0x000002e2   Section        0  libinit2.o(.ARM.Collect$$libinit$$00000015)
    .ARM.Collect$$libinit$$00000017          0x000002e2   Section        0  libinit2.o(.ARM.Collect$$libinit$$00000017)
    .ARM.Collect$$libinit$$00000019          0x000002e2   Section        0  libinit2.o(.ARM.Collect$$libinit$$00000019)
    .ARM.Collect$$libinit$$0000001B          0x000002e2   Section        0  libinit2.o(.ARM.Collect$$libinit$$0000001B)
    .ARM.Collect$$libinit$$0000001D          0x000002e2   Section        0  libinit2.o(.ARM.Collect$$libinit$$0000001D)
    .ARM.Collect$$libinit$$0000001F          0x000002e2   Section        0  libinit2.o(.ARM.Collect$$libinit$$0000001F)
    .ARM.Collect$$libinit$$00000021          0x000002e2   Section        0  libinit2.o(.ARM.Collect$$libinit$$00000021)
    .ARM.Collect$$libinit$$00000023          0x000002e2   Section        0  libinit2.o(.ARM.Collect$$libinit$$00000023)
    .ARM.Collect$$libinit$$00000025          0x000002e2   Section        0  libinit2.o(.ARM.Collect$$libinit$$00000025)
    .ARM.Collect$$libinit$$0000002C          0x000002e2   Section        0  libinit2.o(.ARM.Collect$$libinit$$0000002C)
    .ARM.Collect$$libinit$$0000002E          0x000002e2   Section        0  libinit2.o(.ARM.Collect$$libinit$$0000002E)
    .ARM.Collect$$libinit$$00000030          0x000002e2   Section        0  libinit2.o(.ARM.Collect$$libinit$$00000030)
    .ARM.Collect$$libinit$$00000031          0x000002e2   Section        4  libinit2.o(.ARM.Collect$$libinit$$00000031)
    .ARM.Collect$$libinit$$00000032          0x000002e6   Section        0  libinit2.o(.ARM.Collect$$libinit$$00000032)
    .ARM.Collect$$libinit$$00000033          0x000002e6   Section        2  libinit2.o(.ARM.Collect$$libinit$$00000033)
    .ARM.Collect$$libshutdown$$00000000      0x000002e8   Section        2  libshutdown.o(.ARM.Collect$$libshutdown$$00000000)
    .ARM.Collect$$libshutdown$$00000002      0x000002ea   Section        0  libshutdown2.o(.ARM.Collect$$libshutdown$$00000002)
    .ARM.Collect$$libshutdown$$00000004      0x000002ea   Section        0  libshutdown2.o(.ARM.Collect$$libshutdown$$00000004)
    .ARM.Collect$$libshutdown$$00000006      0x000002ea   Section        0  libshutdown2.o(.ARM.Collect$$libshutdown$$00000006)
    .ARM.Collect$$libshutdown$$00000009      0x000002ea   Section        0  libshutdown2.o(.ARM.Collect$$libshutdown$$00000009)
    .ARM.Collect$$libshutdown$$0000000C      0x000002ea   Section        0  libshutdown2.o(.ARM.Collect$$libshutdown$$0000000C)
    .ARM.Collect$$libshutdown$$0000000E      0x000002ea   Section        0  libshutdown2.o(.ARM.Collect$$libshutdown$$0000000E)
    .ARM.Collect$$libshutdown$$00000011      0x000002ea   Section        0  libshutdown2.o(.ARM.Collect$$libshutdown$$00000011)
    .ARM.Collect$$libshutdown$$00000012      0x000002ea   Section        2  libshutdown2.o(.ARM.Collect$$libshutdown$$00000012)
    .ARM.Collect$$rtentry$$00000000          0x000002ec   Section        0  __rtentry.o(.ARM.Collect$$rtentry$$00000000)
    .ARM.Collect$$rtentry$$00000002          0x000002ec   Section        0  __rtentry2.o(.ARM.Collect$$rtentry$$00000002)
    .ARM.Collect$$rtentry$$00000004          0x000002ec   Section        6  __rtentry4.o(.ARM.Collect$$rtentry$$00000004)
    .ARM.Collect$$rtentry$$00000009          0x000002f2   Section        0  __rtentry2.o(.ARM.Collect$$rtentry$$00000009)
    .ARM.Collect$$rtentry$$0000000A          0x000002f2   Section        4  __rtentry2.o(.ARM.Collect$$rtentry$$0000000A)
    .ARM.Collect$$rtentry$$0000000C          0x000002f6   Section        0  __rtentry2.o(.ARM.Collect$$rtentry$$0000000C)
    .ARM.Collect$$rtentry$$0000000D          0x000002f6   Section        8  __rtentry2.o(.ARM.Collect$$rtentry$$0000000D)
    .ARM.Collect$$rtexit$$00000000           0x000002fe   Section        2  rtexit.o(.ARM.Collect$$rtexit$$00000000)
    .ARM.Collect$$rtexit$$00000002           0x00000300   Section        0  rtexit2.o(.ARM.Collect$$rtexit$$00000002)
    .ARM.Collect$$rtexit$$00000003           0x00000300   Section        4  rtexit2.o(.ARM.Collect$$rtexit$$00000003)
    .ARM.Collect$$rtexit$$00000004           0x00000304   Section        6  rtexit2.o(.ARM.Collect$$rtexit$$00000004)
    .text                                    0x0000030c   Section      296  startup_tm4c123.o(.text)
    .text                                    0x00000434   Section        0  dac.o(.text)
    .text                                    0x00000488   Section        0  pll.o(.text)
    .text                                    0x00000504   Section        0  st7735.o(.text)
    writecommand(unsigned char)              0x00000505   Thumb Code    46  st7735.o(.text)
    writedata(unsigned char)                 0x00000533   Thumb Code    26  st7735.o(.text)
    deselect()                               0x0000054d   Thumb Code    24  st7735.o(.text)
    commandList(const unsigned char*)        0x00000585   Thumb Code    86  st7735.o(.text)
    commonInit(const unsigned char*)         0x000005db   Thumb Code   342  st7735.o(.text)
    setAddrWindow(unsigned char, unsigned char, unsigned char, unsigned char) 0x00000731   Thumb Code   106  st7735.o(.text)
    pushColor(unsigned short)                0x00000951   Thumb Code    18  st7735.o(.text)
    .text                                    0x000015b4   Section        0  slidepot.o(.text)
    .text                                    0x0000181c   Section        0  sound.o(.text)
    .text                                    0x000018c4   Section        0  timer0.o(.text)
    .text                                    0x00001964   Section        0  timer1.o(.text)
    .text                                    0x000019d4   Section        0  uart.o(.text)
    __sti___8_UART_cpp_RxFifo                0x00001a23   Thumb Code    10  uart.o(.text)
    .text                                    0x00001a30   Section        0  fifo.o(.text)
    .text                                    0x00001a4c   Section        0  texas.o(.text)
    .text                                    0x00001c4c   Section        0  edgetrigger.o(.text)
    .text                                    0x00001d00   Section        0  pac-man.o(.text)
    __sti___11_Pac_Man_cpp_pacAlive          0x0000251f   Thumb Code  1724  pac-man.o(.text)
    .text                                    0x00002be0   Section        0  sprite.o(.text)
    .text                                    0x00003488   Section        0  food.o(.text)
    .text                                    0x000034d2   Section      100  rt_memcpy_w.o(.text)
    .text                                    0x00003536   Section        0  heapauxi.o(.text)
    .text                                    0x0000353c   Section        0  init_aeabi.o(.text)
    .text                                    0x00003560   Section       74  sys_stackheap_outer.o(.text)
    .text                                    0x000035aa   Section        0  exit.o(.text)
    .text                                    0x000035bc   Section        8  libspace.o(.text)
    .text                                    0x000035c4   Section        2  use_no_semi.o(.text)
    .text                                    0x000035c6   Section        0  indicate_semi.o(.text)
    .text                                    0x000035c8   Section        0  sys_exit.o(.text)
    .constdata                               0x000035d4   Section     2114  st7735.o(.constdata)
    Font                                     0x000035d4   Data        1275  st7735.o(.constdata)
    Bcmd                                     0x00003acf   Data         103  st7735.o(.constdata)
    Rcmd1                                    0x00003b36   Data          59  st7735.o(.constdata)
    Rcmd2green                               0x00003b71   Data          13  st7735.o(.constdata)
    Rcmd2red                                 0x00003b7e   Data          13  st7735.o(.constdata)
    Rcmd3                                    0x00003b8b   Data          43  st7735.o(.constdata)
    smallCircle                              0x00003bb6   Data          36  st7735.o(.constdata)
    circle                                   0x00003bda   Data          60  st7735.o(.constdata)
    dBfs                                     0x00003c16   Data         512  st7735.o(.constdata)
    .constdata                               0x00003e18   Section    72060  sound.o(.constdata)
    pacman_beginning                         0x00003e18   Data       46490  sound.o(.constdata)
    pacman_death                             0x0000f3b2   Data       16916  sound.o(.constdata)
    pacman_chomp                             0x000135c6   Data        8640  sound.o(.constdata)
    SoundLength                              0x00015788   Data          12  sound.o(.constdata)
    .constdata                               0x00015794   Section    85764  pac-man.o(.constdata)
    pacman_open_right                        0x00015794   Data         162  pac-man.o(.constdata)
    pacman_close                             0x00015836   Data         162  pac-man.o(.constdata)
    pacman_dying1                            0x000158d8   Data         162  pac-man.o(.constdata)
    pacman_dying2                            0x0001597a   Data         162  pac-man.o(.constdata)
    pacman_dying3                            0x00015a1c   Data         162  pac-man.o(.constdata)
    red_ghost                                0x00015abe   Data         162  pac-man.o(.constdata)
    pink_ghost                               0x00015b60   Data         162  pac-man.o(.constdata)
    blue_ghost                               0x00015c02   Data         162  pac-man.o(.constdata)
    yellow_ghost                             0x00015ca4   Data         162  pac-man.o(.constdata)
    black9x9                                 0x00015d46   Data         162  pac-man.o(.constdata)
    title_logo_pacman                        0x00015de8   Data       11008  pac-man.o(.constdata)
    span                                     0x000188e8   Data        1008  pac-man.o(.constdata)
    engl                                     0x00018cd8   Data        1008  pac-man.o(.constdata)
    span_selected                            0x000190c8   Data        1008  pac-man.o(.constdata)
    engl_selected                            0x000194b8   Data        1008  pac-man.o(.constdata)
    selectDifficulty_engl                    0x000198a8   Data        3024  pac-man.o(.constdata)
    selectDifficulty_span                    0x0001a478   Data        3024  pac-man.o(.constdata)
    difficulty_blend                         0x0001b048   Data        3024  pac-man.o(.constdata)
    replace_span                             0x0001bc18   Data        1008  pac-man.o(.constdata)
    replace_select_difficulty                0x0001c008   Data        3024  pac-man.o(.constdata)
    replace_engl                             0x0001cbd8   Data        1008  pac-man.o(.constdata)
    replace_difficulty                       0x0001cfc8   Data        3024  pac-man.o(.constdata)
    replace_toplogo                          0x0001db98   Data       11008  pac-man.o(.constdata)
    map_pacman                               0x00020698   Data       40960  pac-man.o(.constdata)
    .constdata                               0x0002a698   Section    41770  sprite.o(.constdata)
    pacman_open_up                           0x0002a698   Data         162  sprite.o(.constdata)
    pacman_open_right                        0x0002a73a   Data         162  sprite.o(.constdata)
    pacman_open_left                         0x0002a7dc   Data         162  sprite.o(.constdata)
    pacman_open_down                         0x0002a87e   Data         162  sprite.o(.constdata)
    black9x9                                 0x0002a920   Data         162  sprite.o(.constdata)
    map_pacman                               0x0002a9c2   Data       40960  sprite.o(.constdata)
    .init_array                              0x000349e4   Section        4  uart.o(.init_array)
    .init_array                              0x000349e8   Section        4  pac-man.o(.init_array)
    .init_array                              0x000349ec   Section        0  init_aeabi.o(.init_array)
    .data                                    0x20000000   Section       44  st7735.o(.data)
    ColStart                                 0x2000000a   Data           1  st7735.o(.data)
    RowStart                                 0x2000000b   Data           1  st7735.o(.data)
    Rotation                                 0x2000000c   Data           1  st7735.o(.data)
    TabColor                                 0x2000000d   Data           1  st7735.o(.data)
    _width                                   0x2000000e   Data           2  st7735.o(.data)
    _height                                  0x20000010   Data           2  st7735.o(.data)
    .data                                    0x2000002c   Section       20  sound.o(.data)
    .data                                    0x20000040   Section        8  timer0.o(.data)
    .data                                    0x20000048   Section        4  timer1.o(.data)
    .data                                    0x2000004c   Section        4  edgetrigger.o(.data)
    .data                                    0x20000050   Section       69  pac-man.o(.data)
    count                                    0x20000090   Data           4  pac-man.o(.data)
    slow                                     0x20000094   Data           1  pac-man.o(.data)
    .data                                    0x20000095   Section        3  sprite.o(.data)
    count                                    0x20000095   Data           1  sprite.o(.data)
    index                                    0x20000096   Data           1  sprite.o(.data)
    deathIndex                               0x20000097   Data           1  sprite.o(.data)
    .bss                                     0x20000098   Section       12  st7735.o(.bss)
    .bss                                     0x200000a4   Section       40  uart.o(.bss)
    .bss                                     0x200000cc   Section      908  pac-man.o(.bss)
    .bss                                     0x20000458   Section       96  libspace.o(.bss)
    HEAP                                     0x200004b8   Section     1024  startup_tm4c123.o(HEAP)
    Heap_Mem                                 0x200004b8   Data        1024  startup_tm4c123.o(HEAP)
    STACK                                    0x200008b8   Section     1024  startup_tm4c123.o(STACK)
    Stack_Mem                                0x200008b8   Data        1024  startup_tm4c123.o(STACK)
    __initial_sp                             0x20000cb8   Data           0  startup_tm4c123.o(STACK)

    Global Symbols

    Symbol Name                              Value     Ov Type        Size  Object(Section)

    BuildAttributes$$THM_ISAv4$E$P$D$K$B$S$7EM$PE$A:L22UL41UL21$X:L11$S22US41US21$IEEE1$IW$USESV6$~STKCKD$USESV7$~SHL$OSPACE$ROPI$EBA8$UX$STANDARDLIB$REQ8$PRES8$EABIv2 0x00000000   Number         0  anon$$obj.o ABSOLUTE
    __ARM_use_no_argv                        0x00000000   Number         0  pac-man.o ABSOLUTE
    __Vectors                                0x00000000   Data           4  startup_tm4c123.o(RESET)
    __ARM_exceptions_init                     - Undefined Weak Reference
    __alloca_initialize                       - Undefined Weak Reference
    __arm_fini_                               - Undefined Weak Reference
    __arm_preinit_                            - Undefined Weak Reference
    __cxa_finalize                            - Undefined Weak Reference
    __rt_locale                               - Undefined Weak Reference
    __sigvec_lookup                           - Undefined Weak Reference
    _atexit_init                              - Undefined Weak Reference
    _call_atexit_fns                          - Undefined Weak Reference
    _clock_init                               - Undefined Weak Reference
    _fp_trap_init                             - Undefined Weak Reference
    _fp_trap_shutdown                         - Undefined Weak Reference
    _get_lc_collate                           - Undefined Weak Reference
    _get_lc_ctype                             - Undefined Weak Reference
    _get_lc_monetary                          - Undefined Weak Reference
    _get_lc_numeric                           - Undefined Weak Reference
    _get_lc_time                              - Undefined Weak Reference
    _getenv_init                              - Undefined Weak Reference
    _handle_redirection                       - Undefined Weak Reference
    _init_alloc                               - Undefined Weak Reference
    _init_user_alloc                          - Undefined Weak Reference
    _initio                                   - Undefined Weak Reference
    _rand_init                                - Undefined Weak Reference
    _signal_finish                            - Undefined Weak Reference
    _signal_init                              - Undefined Weak Reference
    _terminate_alloc                          - Undefined Weak Reference
    _terminate_user_alloc                     - Undefined Weak Reference
    _terminateio                              - Undefined Weak Reference
    __Vectors_End                            0x0000026c   Data           0  startup_tm4c123.o(RESET)
    __Vectors_Size                           0x0000026c   Number         0  startup_tm4c123.o ABSOLUTE
    __main                                   0x0000026d   Thumb Code     8  __main.o(!!!main)
    __scatterload                            0x00000275   Thumb Code     0  __scatter.o(!!!scatter)
    __scatterload_rt2                        0x00000275   Thumb Code    44  __scatter.o(!!!scatter)
    __scatterload_rt2_thumb_only             0x00000275   Thumb Code     0  __scatter.o(!!!scatter)
    __scatterload_null                       0x00000283   Thumb Code     0  __scatter.o(!!!scatter)
    __scatterload_copy                       0x000002a9   Thumb Code    26  __scatter_copy.o(!!handler_copy)
    __scatterload_zeroinit                   0x000002c5   Thumb Code    28  __scatter_zi.o(!!handler_zi)
    __rt_lib_init                            0x000002e1   Thumb Code     0  libinit.o(.ARM.Collect$$libinit$$00000000)
    __rt_lib_init_alloca_1                   0x000002e3   Thumb Code     0  libinit2.o(.ARM.Collect$$libinit$$0000002E)
    __rt_lib_init_argv_1                     0x000002e3   Thumb Code     0  libinit2.o(.ARM.Collect$$libinit$$0000002C)
    __rt_lib_init_atexit_1                   0x000002e3   Thumb Code     0  libinit2.o(.ARM.Collect$$libinit$$0000001B)
    __rt_lib_init_clock_1                    0x000002e3   Thumb Code     0  libinit2.o(.ARM.Collect$$libinit$$00000021)
    __rt_lib_init_cpp_2                      0x000002e3   Thumb Code     0  libinit2.o(.ARM.Collect$$libinit$$00000031)
    __rt_lib_init_exceptions_1               0x000002e3   Thumb Code     0  libinit2.o(.ARM.Collect$$libinit$$00000030)
    __rt_lib_init_fp_1                       0x000002e3   Thumb Code     0  libinit2.o(.ARM.Collect$$libinit$$00000002)
    __rt_lib_init_fp_trap_1                  0x000002e3   Thumb Code     0  libinit2.o(.ARM.Collect$$libinit$$0000001F)
    __rt_lib_init_getenv_1                   0x000002e3   Thumb Code     0  libinit2.o(.ARM.Collect$$libinit$$00000023)
    __rt_lib_init_heap_1                     0x000002e3   Thumb Code     0  libinit2.o(.ARM.Collect$$libinit$$0000000A)
    __rt_lib_init_lc_collate_1               0x000002e3   Thumb Code     0  libinit2.o(.ARM.Collect$$libinit$$00000011)
    __rt_lib_init_lc_ctype_1                 0x000002e3   Thumb Code     0  libinit2.o(.ARM.Collect$$libinit$$00000013)
    __rt_lib_init_lc_monetary_1              0x000002e3   Thumb Code     0  libinit2.o(.ARM.Collect$$libinit$$00000015)
    __rt_lib_init_lc_numeric_1               0x000002e3   Thumb Code     0  libinit2.o(.ARM.Collect$$libinit$$00000017)
    __rt_lib_init_lc_time_1                  0x000002e3   Thumb Code     0  libinit2.o(.ARM.Collect$$libinit$$00000019)
    __rt_lib_init_preinit_1                  0x000002e3   Thumb Code     0  libinit2.o(.ARM.Collect$$libinit$$00000004)
    __rt_lib_init_rand_1                     0x000002e3   Thumb Code     0  libinit2.o(.ARM.Collect$$libinit$$0000000E)
    __rt_lib_init_signal_1                   0x000002e3   Thumb Code     0  libinit2.o(.ARM.Collect$$libinit$$0000001D)
    __rt_lib_init_stdio_1                    0x000002e3   Thumb Code     0  libinit2.o(.ARM.Collect$$libinit$$00000025)
    __rt_lib_init_user_alloc_1               0x000002e3   Thumb Code     0  libinit2.o(.ARM.Collect$$libinit$$0000000C)
    __rt_lib_init_cpp_1                      0x000002e7   Thumb Code     0  libinit2.o(.ARM.Collect$$libinit$$00000032)
    __rt_lib_init_return                     0x000002e7   Thumb Code     0  libinit2.o(.ARM.Collect$$libinit$$00000033)
    __rt_lib_shutdown                        0x000002e9   Thumb Code     0  libshutdown.o(.ARM.Collect$$libshutdown$$00000000)
    __rt_lib_shutdown_cpp_1                  0x000002eb   Thumb Code     0  libshutdown2.o(.ARM.Collect$$libshutdown$$00000004)
    __rt_lib_shutdown_fini_1                 0x000002eb   Thumb Code     0  libshutdown2.o(.ARM.Collect$$libshutdown$$00000002)
    __rt_lib_shutdown_fp_trap_1              0x000002eb   Thumb Code     0  libshutdown2.o(.ARM.Collect$$libshutdown$$00000009)
    __rt_lib_shutdown_heap_1                 0x000002eb   Thumb Code     0  libshutdown2.o(.ARM.Collect$$libshutdown$$00000011)
    __rt_lib_shutdown_return                 0x000002eb   Thumb Code     0  libshutdown2.o(.ARM.Collect$$libshutdown$$00000012)
    __rt_lib_shutdown_signal_1               0x000002eb   Thumb Code     0  libshutdown2.o(.ARM.Collect$$libshutdown$$0000000C)
    __rt_lib_shutdown_stdio_1                0x000002eb   Thumb Code     0  libshutdown2.o(.ARM.Collect$$libshutdown$$00000006)
    __rt_lib_shutdown_user_alloc_1           0x000002eb   Thumb Code     0  libshutdown2.o(.ARM.Collect$$libshutdown$$0000000E)
    __rt_entry                               0x000002ed   Thumb Code     0  __rtentry.o(.ARM.Collect$$rtentry$$00000000)
    __rt_entry_presh_1                       0x000002ed   Thumb Code     0  __rtentry2.o(.ARM.Collect$$rtentry$$00000002)
    __rt_entry_sh                            0x000002ed   Thumb Code     0  __rtentry4.o(.ARM.Collect$$rtentry$$00000004)
    __rt_entry_li                            0x000002f3   Thumb Code     0  __rtentry2.o(.ARM.Collect$$rtentry$$0000000A)
    __rt_entry_postsh_1                      0x000002f3   Thumb Code     0  __rtentry2.o(.ARM.Collect$$rtentry$$00000009)
    __rt_entry_main                          0x000002f7   Thumb Code     0  __rtentry2.o(.ARM.Collect$$rtentry$$0000000D)
    __rt_entry_postli_1                      0x000002f7   Thumb Code     0  __rtentry2.o(.ARM.Collect$$rtentry$$0000000C)
    __rt_exit                                0x000002ff   Thumb Code     0  rtexit.o(.ARM.Collect$$rtexit$$00000000)
    __rt_exit_ls                             0x00000301   Thumb Code     0  rtexit2.o(.ARM.Collect$$rtexit$$00000003)
    __rt_exit_prels_1                        0x00000301   Thumb Code     0  rtexit2.o(.ARM.Collect$$rtexit$$00000002)
    __rt_exit_exit                           0x00000305   Thumb Code     0  rtexit2.o(.ARM.Collect$$rtexit$$00000004)
    Reset_Handler                            0x0000030d   Thumb Code     4  startup_tm4c123.o(.text)
    DisableInterrupts                        0x00000311   Thumb Code     4  startup_tm4c123.o(.text)
    EnableInterrupts                         0x00000315   Thumb Code     4  startup_tm4c123.o(.text)
    StartCritical                            0x00000319   Thumb Code     8  startup_tm4c123.o(.text)
    EndCritical                              0x00000321   Thumb Code     6  startup_tm4c123.o(.text)
    WaitForInterrupt                         0x00000327   Thumb Code     4  startup_tm4c123.o(.text)
    NMI_Handler                              0x0000032b   Thumb Code     2  startup_tm4c123.o(.text)
    HardFault_Handler                        0x0000032d   Thumb Code     2  startup_tm4c123.o(.text)
    MemManage_Handler                        0x0000032f   Thumb Code     2  startup_tm4c123.o(.text)
    BusFault_Handler                         0x00000331   Thumb Code     2  startup_tm4c123.o(.text)
    UsageFault_Handler                       0x00000333   Thumb Code     2  startup_tm4c123.o(.text)
    SVC_Handler                              0x00000335   Thumb Code     2  startup_tm4c123.o(.text)
    DebugMon_Handler                         0x00000337   Thumb Code     2  startup_tm4c123.o(.text)
    PendSV_Handler                           0x00000339   Thumb Code     2  startup_tm4c123.o(.text)
    SysTick_Handler                          0x0000033b   Thumb Code     2  startup_tm4c123.o(.text)
    GPIOA_Handler                            0x0000033d   Thumb Code     2  startup_tm4c123.o(.text)
    GPIOB_Handler                            0x0000033f   Thumb Code     2  startup_tm4c123.o(.text)
    GPIOC_Handler                            0x00000341   Thumb Code     2  startup_tm4c123.o(.text)
    GPIOD_Handler                            0x00000343   Thumb Code     2  startup_tm4c123.o(.text)
    UART0_Handler                            0x00000347   Thumb Code     2  startup_tm4c123.o(.text)
    SSI0_Handler                             0x0000034b   Thumb Code     2  startup_tm4c123.o(.text)
    I2C0_Handler                             0x0000034d   Thumb Code     2  startup_tm4c123.o(.text)
    PMW0_FAULT_Handler                       0x0000034f   Thumb Code     2  startup_tm4c123.o(.text)
    PWM0_0_Handler                           0x00000351   Thumb Code     2  startup_tm4c123.o(.text)
    PWM0_1_Handler                           0x00000353   Thumb Code     2  startup_tm4c123.o(.text)
    PWM0_2_Handler                           0x00000355   Thumb Code     2  startup_tm4c123.o(.text)
    QEI0_Handler                             0x00000357   Thumb Code     2  startup_tm4c123.o(.text)
    ADC0SS0_Handler                          0x00000359   Thumb Code     2  startup_tm4c123.o(.text)
    ADC0SS1_Handler                          0x0000035b   Thumb Code     2  startup_tm4c123.o(.text)
    ADC0SS2_Handler                          0x0000035d   Thumb Code     2  startup_tm4c123.o(.text)
    ADC0SS3_Handler                          0x0000035f   Thumb Code     2  startup_tm4c123.o(.text)
    WDT0_Handler                             0x00000361   Thumb Code     2  startup_tm4c123.o(.text)
    TIMER0B_Handler                          0x00000365   Thumb Code     2  startup_tm4c123.o(.text)
    TIMER1B_Handler                          0x00000369   Thumb Code     2  startup_tm4c123.o(.text)
    TIMER2A_Handler                          0x0000036b   Thumb Code     2  startup_tm4c123.o(.text)
    TIMER2B_Handler                          0x0000036d   Thumb Code     2  startup_tm4c123.o(.text)
    COMP0_Handler                            0x0000036f   Thumb Code     2  startup_tm4c123.o(.text)
    COMP1_Handler                            0x00000371   Thumb Code     2  startup_tm4c123.o(.text)
    COMP2_Handler                            0x00000373   Thumb Code     2  startup_tm4c123.o(.text)
    SYSCTL_Handler                           0x00000375   Thumb Code     2  startup_tm4c123.o(.text)
    FLASH_Handler                            0x00000377   Thumb Code     2  startup_tm4c123.o(.text)
    GPIOF_Handler                            0x00000379   Thumb Code     2  startup_tm4c123.o(.text)
    GPIOG_Handler                            0x0000037b   Thumb Code     2  startup_tm4c123.o(.text)
    GPIOH_Handler                            0x0000037d   Thumb Code     2  startup_tm4c123.o(.text)
    UART2_Handler                            0x0000037f   Thumb Code     2  startup_tm4c123.o(.text)
    SSI1_Handler                             0x00000381   Thumb Code     2  startup_tm4c123.o(.text)
    TIMER3A_Handler                          0x00000383   Thumb Code     2  startup_tm4c123.o(.text)
    TIMER3B_Handler                          0x00000385   Thumb Code     2  startup_tm4c123.o(.text)
    I2C1_Handler                             0x00000387   Thumb Code     2  startup_tm4c123.o(.text)
    QEI1_Handler                             0x00000389   Thumb Code     2  startup_tm4c123.o(.text)
    CAN0_Handler                             0x0000038b   Thumb Code     2  startup_tm4c123.o(.text)
    CAN1_Handler                             0x0000038d   Thumb Code     2  startup_tm4c123.o(.text)
    CAN2_Handler                             0x0000038f   Thumb Code     2  startup_tm4c123.o(.text)
    HIB_Handler                              0x00000391   Thumb Code     2  startup_tm4c123.o(.text)
    USB0_Handler                             0x00000393   Thumb Code     2  startup_tm4c123.o(.text)
    PWM0_3_Handler                           0x00000395   Thumb Code     2  startup_tm4c123.o(.text)
    UDMA_Handler                             0x00000397   Thumb Code     2  startup_tm4c123.o(.text)
    UDMAERR_Handler                          0x00000399   Thumb Code     2  startup_tm4c123.o(.text)
    ADC1SS0_Handler                          0x0000039b   Thumb Code     2  startup_tm4c123.o(.text)
    ADC1SS1_Handler                          0x0000039d   Thumb Code     2  startup_tm4c123.o(.text)
    ADC1SS2_Handler                          0x0000039f   Thumb Code     2  startup_tm4c123.o(.text)
    ADC1SS3_Handler                          0x000003a1   Thumb Code     2  startup_tm4c123.o(.text)
    GPIOJ_Handler                            0x000003a3   Thumb Code     2  startup_tm4c123.o(.text)
    GPIOK_Handler                            0x000003a5   Thumb Code     2  startup_tm4c123.o(.text)
    GPIOL_Handler                            0x000003a7   Thumb Code     2  startup_tm4c123.o(.text)
    SSI2_Handler                             0x000003a9   Thumb Code     2  startup_tm4c123.o(.text)
    SSI3_Handler                             0x000003ab   Thumb Code     2  startup_tm4c123.o(.text)
    UART3_Handler                            0x000003ad   Thumb Code     2  startup_tm4c123.o(.text)
    UART4_Handler                            0x000003af   Thumb Code     2  startup_tm4c123.o(.text)
    UART5_Handler                            0x000003b1   Thumb Code     2  startup_tm4c123.o(.text)
    UART6_Handler                            0x000003b3   Thumb Code     2  startup_tm4c123.o(.text)
    UART7_Handler                            0x000003b5   Thumb Code     2  startup_tm4c123.o(.text)
    I2C2_Handler                             0x000003b7   Thumb Code     2  startup_tm4c123.o(.text)
    I2C3_Handler                             0x000003b9   Thumb Code     2  startup_tm4c123.o(.text)
    TIMER4A_Handler                          0x000003bb   Thumb Code     2  startup_tm4c123.o(.text)
    TIMER4B_Handler                          0x000003bd   Thumb Code     2  startup_tm4c123.o(.text)
    TIMER5B_Handler                          0x000003c1   Thumb Code     2  startup_tm4c123.o(.text)
    WTIMER0A_Handler                         0x000003c3   Thumb Code     2  startup_tm4c123.o(.text)
    WTIMER0B_Handler                         0x000003c5   Thumb Code     2  startup_tm4c123.o(.text)
    WTIMER1A_Handler                         0x000003c7   Thumb Code     2  startup_tm4c123.o(.text)
    WTIMER1B_Handler                         0x000003c9   Thumb Code     2  startup_tm4c123.o(.text)
    WTIMER2A_Handler                         0x000003cb   Thumb Code     2  startup_tm4c123.o(.text)
    WTIMER2B_Handler                         0x000003cd   Thumb Code     2  startup_tm4c123.o(.text)
    WTIMER3A_Handler                         0x000003cf   Thumb Code     2  startup_tm4c123.o(.text)
    WTIMER3B_Handler                         0x000003d1   Thumb Code     2  startup_tm4c123.o(.text)
    WTIMER4A_Handler                         0x000003d3   Thumb Code     2  startup_tm4c123.o(.text)
    WTIMER4B_Handler                         0x000003d5   Thumb Code     2  startup_tm4c123.o(.text)
    WTIMER5A_Handler                         0x000003d7   Thumb Code     2  startup_tm4c123.o(.text)
    WTIMER5B_Handler                         0x000003d9   Thumb Code     2  startup_tm4c123.o(.text)
    FPU_Handler                              0x000003db   Thumb Code     2  startup_tm4c123.o(.text)
    I2C4_Handler                             0x000003dd   Thumb Code     2  startup_tm4c123.o(.text)
    I2C5_Handler                             0x000003df   Thumb Code     2  startup_tm4c123.o(.text)
    GPIOM_Handler                            0x000003e1   Thumb Code     2  startup_tm4c123.o(.text)
    GPION_Handler                            0x000003e3   Thumb Code     2  startup_tm4c123.o(.text)
    QEI2_Handler                             0x000003e5   Thumb Code     2  startup_tm4c123.o(.text)
    GPIOP0_Handler                           0x000003e7   Thumb Code     2  startup_tm4c123.o(.text)
    GPIOP1_Handler                           0x000003e9   Thumb Code     2  startup_tm4c123.o(.text)
    GPIOP2_Handler                           0x000003eb   Thumb Code     2  startup_tm4c123.o(.text)
    GPIOP3_Handler                           0x000003ed   Thumb Code     2  startup_tm4c123.o(.text)
    GPIOP4_Handler                           0x000003ef   Thumb Code     2  startup_tm4c123.o(.text)
    GPIOP5_Handler                           0x000003f1   Thumb Code     2  startup_tm4c123.o(.text)
    GPIOP6_Handler                           0x000003f3   Thumb Code     2  startup_tm4c123.o(.text)
    GPIOP7_Handler                           0x000003f5   Thumb Code     2  startup_tm4c123.o(.text)
    GPIOQ0_Handler                           0x000003f7   Thumb Code     2  startup_tm4c123.o(.text)
    GPIOQ1_Handler                           0x000003f9   Thumb Code     2  startup_tm4c123.o(.text)
    GPIOQ2_Handler                           0x000003fb   Thumb Code     2  startup_tm4c123.o(.text)
    GPIOQ3_Handler                           0x000003fd   Thumb Code     2  startup_tm4c123.o(.text)
    GPIOQ4_Handler                           0x000003ff   Thumb Code     2  startup_tm4c123.o(.text)
    GPIOQ5_Handler                           0x00000401   Thumb Code     2  startup_tm4c123.o(.text)
    GPIOQ6_Handler                           0x00000403   Thumb Code     2  startup_tm4c123.o(.text)
    GPIOQ7_Handler                           0x00000405   Thumb Code     2  startup_tm4c123.o(.text)
    GPIOR_Handler                            0x00000407   Thumb Code     2  startup_tm4c123.o(.text)
    GPIOS_Handler                            0x00000409   Thumb Code     2  startup_tm4c123.o(.text)
    PMW1_0_Handler                           0x0000040b   Thumb Code     2  startup_tm4c123.o(.text)
    PWM1_1_Handler                           0x0000040d   Thumb Code     2  startup_tm4c123.o(.text)
    PWM1_2_Handler                           0x0000040f   Thumb Code     2  startup_tm4c123.o(.text)
    PWM1_3_Handler                           0x00000411   Thumb Code     2  startup_tm4c123.o(.text)
    PWM1_FAULT_Handler                       0x00000413   Thumb Code     2  startup_tm4c123.o(.text)
    __user_initial_stackheap                 0x00000415   Thumb Code     0  startup_tm4c123.o(.text)
    DAC_Init()                               0x00000435   Thumb Code    62  dac.o(.text)
    DAC_Out(unsigned char)                   0x00000473   Thumb Code     8  dac.o(.text)
    PLL_Init(unsigned)                       0x00000489   Thumb Code   120  pll.o(.text)
    Delay1ms(unsigned)                       0x00000565   Thumb Code    32  st7735.o(.text)
    ST7735_FillRect(short, short, short, short, unsigned short) 0x0000079b   Thumb Code   168  st7735.o(.text)
    ST7735_FillScreen(unsigned short)        0x00000843   Thumb Code    28  st7735.o(.text)
    ST7735_SetCursor(unsigned, unsigned)     0x0000085f   Thumb Code    22  st7735.o(.text)
    ST7735_InitB()                           0x00000875   Thumb Code    32  st7735.o(.text)
    ST7735_InitR(initRFlags)                 0x00000895   Thumb Code   188  st7735.o(.text)
    ST7735_DrawPixel(short, short, unsigned short) 0x00000963   Thumb Code    68  st7735.o(.text)
    ST7735_DrawFastVLine(short, short, short, unsigned short) 0x000009a7   Thumb Code   120  st7735.o(.text)
    ST7735_DrawFastHLine(short, short, short, unsigned short) 0x00000a1f   Thumb Code   120  st7735.o(.text)
    ST7735_DrawSmallCircle(short, short, unsigned short) 0x00000a97   Thumb Code   158  st7735.o(.text)
    ST7735_DrawCircle(short, short, unsigned short) 0x00000b35   Thumb Code   158  st7735.o(.text)
    ST7735_Color565(unsigned char, unsigned char, unsigned char) 0x00000bd3   Thumb Code    24  st7735.o(.text)
    ST7735_SwapColor(unsigned short)         0x00000beb   Thumb Code    18  st7735.o(.text)
    ST7735_DrawBitmap(short, short, const unsigned short*, short, short) 0x00000bfd   Thumb Code   284  st7735.o(.text)
    ST7735_DrawCharS(short, short, char, short, short, unsigned char) 0x00000d19   Thumb Code   252  st7735.o(.text)
    ST7735_DrawChar(short, short, char, short, short, unsigned char) 0x00000e15   Thumb Code   264  st7735.o(.text)
    ST7735_DrawString(unsigned short, unsigned short, char*, short) 0x00000f1d   Thumb Code    84  st7735.o(.text)
    fillmessage(unsigned)                    0x00000f71   Thumb Code    64  st7735.o(.text)
    ST7735_OutUDec(unsigned)                 0x00000fb1   Thumb Code   118  st7735.o(.text)
    ST7735_SetRotation(unsigned char)        0x00001027   Thumb Code   200  st7735.o(.text)
    ST7735_InvertDisplay(int)                0x000010ef   Thumb Code    26  st7735.o(.text)
    ST7735_PlotClear(int, int)               0x00001109   Thumb Code    74  st7735.o(.text)
    ST7735_PlotPoint(int)                    0x00001153   Thumb Code   196  st7735.o(.text)
    ST7735_PlotLine(int)                     0x00001217   Thumb Code   242  st7735.o(.text)
    ST7735_PlotPoints(int, int)              0x00001309   Thumb Code   154  st7735.o(.text)
    ST7735_PlotBar(int)                      0x000013a3   Thumb Code    72  st7735.o(.text)
    ST7735_PlotdBfs(int)                     0x000013eb   Thumb Code    52  st7735.o(.text)
    ST7735_PlotNext()                        0x0000141f   Thumb Code    28  st7735.o(.text)
    ST7735_PlotNextErase()                   0x0000143b   Thumb Code    58  st7735.o(.text)
    ST7735_OutChar                           0x00001475   Thumb Code   176  st7735.o(.text)
    ST7735_OutString                         0x00001525   Thumb Code    22  st7735.o(.text)
    ST7735_SetTextColor(unsigned short)      0x0000153b   Thumb Code     6  st7735.o(.text)
    Output_Init()                            0x00001541   Thumb Code    16  st7735.o(.text)
    Output_Clear()                           0x00001551   Thumb Code    10  st7735.o(.text)
    Output_Off()                             0x0000155b   Thumb Code     8  st7735.o(.text)
    Output_On()                              0x00001563   Thumb Code     8  st7735.o(.text)
    Output_Color(unsigned)                   0x0000156b   Thumb Code    12  st7735.o(.text)
    ADC_Init()                               0x000015b5   Thumb Code   404  slidepot.o(.text)
    ADC_SpeedIn()                            0x00001749   Thumb Code    38  slidepot.o(.text)
    ADC_JoyIn(unsigned*)                     0x0000176f   Thumb Code    58  slidepot.o(.text)
    SlidePot::SlidePot(unsigned, unsigned)   0x000017a9   Thumb Code     6  slidepot.o(.text)
    SlidePot::SlidePot__sub_object(unsigned, unsigned) 0x000017a9   Thumb Code     0  slidepot.o(.text)
    SlidePot::Convert(unsigned)              0x000017af   Thumb Code    22  slidepot.o(.text)
    SlidePot::Save(unsigned)                 0x000017c5   Thumb Code    24  slidepot.o(.text)
    SlidePot::Sync()                         0x000017dd   Thumb Code    14  slidepot.o(.text)
    SlidePot::ADCsample()                    0x000017eb   Thumb Code     6  slidepot.o(.text)
    SlidePot::Distance()                     0x000017f1   Thumb Code     6  slidepot.o(.text)
    SetSound(SoundName)                      0x0000181d   Thumb Code    18  sound.o(.text)
    SoundOut()                               0x0000182f   Thumb Code    78  sound.o(.text)
    notFinished()                            0x0000187d   Thumb Code    14  sound.o(.text)
    endSound()                               0x0000188b   Thumb Code     8  sound.o(.text)
    Sound_Init()                             0x00001893   Thumb Code    30  sound.o(.text)
    Timer0_Init(void(*)(), unsigned)         0x000018c5   Thumb Code    80  timer0.o(.text)
    TIMER0A_Handler                          0x00001915   Thumb Code    56  timer0.o(.text)
    Timer1_Init(void(*)(), unsigned)         0x00001965   Thumb Code    74  timer1.o(.text)
    TIMER1A_Handler                          0x000019af   Thumb Code    16  timer1.o(.text)
    UART_Init()                              0x000019d5   Thumb Code     2  uart.o(.text)
    UART_InChar()                            0x000019d7   Thumb Code     2  uart.o(.text)
    UART_InStatus()                          0x000019d9   Thumb Code     4  uart.o(.text)
    UART_OutChar(char)                       0x000019dd   Thumb Code     2  uart.o(.text)
    UART1_Handler                            0x000019df   Thumb Code     2  uart.o(.text)
    UART_OutString(char*)                    0x000019e1   Thumb Code    22  uart.o(.text)
    UART_OutUDec(unsigned)                   0x000019f7   Thumb Code    42  uart.o(.text)
    UART_InMessage(char*)                    0x00001a21   Thumb Code     2  uart.o(.text)
    Queue::Queue()                           0x00001a31   Thumb Code     2  fifo.o(.text)
    Queue::Queue__sub_object()               0x00001a31   Thumb Code     0  fifo.o(.text)
    Queue::IsEmpty()                         0x00001a33   Thumb Code     6  fifo.o(.text)
    Queue::IsFull()                          0x00001a39   Thumb Code     6  fifo.o(.text)
    Queue::Put(char)                         0x00001a3f   Thumb Code     6  fifo.o(.text)
    Queue::Get(char*)                        0x00001a45   Thumb Code     6  fifo.o(.text)
    Queue::Print()                           0x00001a4b   Thumb Code     2  fifo.o(.text)
    ADC1_Init()                              0x00001a4d   Thumb Code   174  texas.o(.text)
    UART0_Init()                             0x00001afb   Thumb Code   152  texas.o(.text)
    TExaS_Init()                             0x00001b93   Thumb Code    92  texas.o(.text)
    TIMER5A_Handler                          0x00001bef   Thumb Code    20  texas.o(.text)
    TExaS_Stop()                             0x00001c03   Thumb Code    18  texas.o(.text)
    EdgeTrigger_Init(void(*)(unsigned char)) 0x00001c4d   Thumb Code   128  edgetrigger.o(.text)
    GPIOE_Handler                            0x00001ccd   Thumb Code    28  edgetrigger.o(.text)
    LED_Init()                               0x00001d01   Thumb Code    56  pac-man.o(.text)
    LED_Toggle()                             0x00001d39   Thumb Code    44  pac-man.o(.text)
    RegenItems()                             0x00001d65   Thumb Code   296  pac-man.o(.text)
    DrawFood()                               0x00001e8d   Thumb Code    58  pac-man.o(.text)
    GameOver()                               0x00001ec7   Thumb Code   160  pac-man.o(.text)
    KillPac()                                0x00001f67   Thumb Code    10  pac-man.o(.text)
    spawn()                                  0x00001f71   Thumb Code   148  pac-man.o(.text)
    GameStart()                              0x00002005   Thumb Code   122  pac-man.o(.text)
    DrawSpan()                               0x0000207f   Thumb Code    52  pac-man.o(.text)
    DrawEngl()                               0x000020b3   Thumb Code   258  pac-man.o(.text)
    GameInit()                               0x000021b5   Thumb Code   108  pac-man.o(.text)
    UpdateMenu(unsigned char)                0x00002221   Thumb Code    50  pac-man.o(.text)
    reset()                                  0x00002253   Thumb Code    22  pac-man.o(.text)
    Update(unsigned char)                    0x00002269   Thumb Code    50  pac-man.o(.text)
    UpdateJoy()                              0x0000229b   Thumb Code    86  pac-man.o(.text)
    refresh()                                0x000022f1   Thumb Code   164  pac-man.o(.text)
    SystemInit()                             0x00002395   Thumb Code    58  pac-man.o(.text)
    DrawGame()                               0x000023cf   Thumb Code   244  pac-man.o(.text)
    main                                     0x000024c3   Thumb Code    92  pac-man.o(.text)
    Sprite::Sprite(int, int, const unsigned short**, unsigned char, const unsigned short**, unsigned char, const unsigned short*, unsigned char, unsigned char, status_t) 0x00002be1   Thumb Code    84  sprite.o(.text)
    Sprite::Sprite__sub_object(int, int, const unsigned short**, unsigned char, const unsigned short**, unsigned char, const unsigned short*, unsigned char, unsigned char, status_t) 0x00002be1   Thumb Code     0  sprite.o(.text)
    Sprite::Sprite(int, int, const unsigned short**) 0x00002c35   Thumb Code    36  sprite.o(.text)
    Sprite::Sprite__sub_object(int, int, const unsigned short**) 0x00002c35   Thumb Code     0  sprite.o(.text)
    Sprite::Draw()                           0x00002c59   Thumb Code   196  sprite.o(.text)
    Sprite::Update(unsigned char)            0x00002d1d   Thumb Code    48  sprite.o(.text)
    Sprite::Erase()                          0x00002d4d   Thumb Code    26  sprite.o(.text)
    Sprite::getColor(int, int)               0x00002d67   Thumb Code    28  sprite.o(.text)
    Sprite::isVerticalWall(int, int, unsigned char) 0x00002d83   Thumb Code    58  sprite.o(.text)
    Sprite::isHorizontalWall(int, int, unsigned char) 0x00002dbd   Thumb Code    58  sprite.o(.text)
    Sprite::CanMove(dir_t)                   0x00002df7   Thumb Code   120  sprite.o(.text)
    Sprite::UpdateDir()                      0x00002e6f   Thumb Code     6  sprite.o(.text)
    Sprite::Move()                           0x00002e75   Thumb Code   114  sprite.o(.text)
    Sprite::Distance(int, int, dir_t)        0x00002ee7   Thumb Code    96  sprite.o(.text)
    Sprite::findMin(int, int, int)           0x00002f47   Thumb Code    78  sprite.o(.text)
    Sprite::GhostDir(int, int)               0x00002f95   Thumb Code   326  sprite.o(.text)
    Sprite::UpdateOrientation()              0x000030db   Thumb Code    54  sprite.o(.text)
    Sprite::isCollision(int, int)            0x00003111   Thumb Code    78  sprite.o(.text)
    Sprite::RedGhostDir(int, int)            0x0000315f   Thumb Code   300  sprite.o(.text)
    Sprite::PinkGhostDir(int, int, dir_t)    0x0000328b   Thumb Code    84  sprite.o(.text)
    Sprite::BlueGhostDir(int, int, dir_t, int, int) 0x000032df   Thumb Code    92  sprite.o(.text)
    Sprite::YellowGhostDir(int, int)         0x0000333b   Thumb Code   318  sprite.o(.text)
    Food::Food(short, short)                 0x00003489   Thumb Code    10  food.o(.text)
    Food::Food__sub_object(short, short)     0x00003489   Thumb Code     0  food.o(.text)
    Food::checkFoodCollision(int, int)       0x00003493   Thumb Code    64  food.o(.text)
    __aeabi_memcpy4                          0x000034d3   Thumb Code     0  rt_memcpy_w.o(.text)
    __aeabi_memcpy8                          0x000034d3   Thumb Code     0  rt_memcpy_w.o(.text)
    __rt_memcpy_w                            0x000034d3   Thumb Code   100  rt_memcpy_w.o(.text)
    _memcpy_lastbytes_aligned                0x0000351b   Thumb Code     0  rt_memcpy_w.o(.text)
    __use_two_region_memory                  0x00003537   Thumb Code     2  heapauxi.o(.text)
    __rt_heap_escrow$2region                 0x00003539   Thumb Code     2  heapauxi.o(.text)
    __rt_heap_expand$2region                 0x0000353b   Thumb Code     2  heapauxi.o(.text)
    __cpp_initialize__aeabi_                 0x0000353d   Thumb Code    26  init_aeabi.o(.text)
    __user_setup_stackheap                   0x00003561   Thumb Code    74  sys_stackheap_outer.o(.text)
    exit                                     0x000035ab   Thumb Code    18  exit.o(.text)
    __user_libspace                          0x000035bd   Thumb Code     8  libspace.o(.text)
    __user_perproc_libspace                  0x000035bd   Thumb Code     0  libspace.o(.text)
    __user_perthread_libspace                0x000035bd   Thumb Code     0  libspace.o(.text)
    __I$use$semihosting                      0x000035c5   Thumb Code     0  use_no_semi.o(.text)
    __use_no_semihosting_swi                 0x000035c5   Thumb Code     2  use_no_semi.o(.text)
    __semihosting_library_function           0x000035c7   Thumb Code     0  indicate_semi.o(.text)
    _sys_exit                                0x000035c9   Thumb Code     8  sys_exit.o(.text)
    Region$$Table$$Base                      0x000349c4   Number         0  anon$$obj.o(Region$$Table)
    Region$$Table$$Limit                     0x000349e4   Number         0  anon$$obj.o(Region$$Table)
    SHT$$INIT_ARRAY$$Base                    0x000349e4   Number         0  uart.o(.init_array)
    SHT$$INIT_ARRAY$$Limit                   0x000349ec   Number         0  init_aeabi.o(.init_array)
    StX                                      0x20000000   Data           4  st7735.o(.data)
    StY                                      0x20000004   Data           4  st7735.o(.data)
    StTextColor                              0x20000008   Data           2  st7735.o(.data)
    Messageindex                             0x20000014   Data           4  st7735.o(.data)
    Ymax                                     0x20000018   Data           4  st7735.o(.data)
    Ymin                                     0x2000001c   Data           4  st7735.o(.data)
    X                                        0x20000020   Data           4  st7735.o(.data)
    Yrange                                   0x20000024   Data           4  st7735.o(.data)
    lastj                                    0x20000028   Data           4  st7735.o(.data)
    Index                                    0x2000002c   Data           4  sound.o(.data)
    SoundIndex                               0x20000030   Data           1  sound.o(.data)
    active                                   0x20000031   Data           1  sound.o(.data)
    SoundArray                               0x20000034   Data          12  sound.o(.data)
    PeriodicTask0                            0x20000040   Data           4  timer0.o(.data)
    Timer0Count                              0x20000044   Data           4  timer0.o(.data)
    PeriodicTask1                            0x20000048   Data           4  timer1.o(.data)
    PeriodicTaskEdge                         0x2000004c   Data           4  edgetrigger.o(.data)
    pacAlive                                 0x20000050   Data           8  pac-man.o(.data)
    pacDeath                                 0x20000058   Data          20  pac-man.o(.data)
    red                                      0x2000006c   Data           4  pac-man.o(.data)
    pink                                     0x20000070   Data           4  pac-man.o(.data)
    yellow                                   0x20000074   Data           4  pac-man.o(.data)
    blue                                     0x20000078   Data           4  pac-man.o(.data)
    lang                                     0x2000007c   Data           1  pac-man.o(.data)
    score                                    0x20000080   Data           4  pac-man.o(.data)
    flag                                     0x20000084   Data           4  pac-man.o(.data)
    play                                     0x20000088   Data           4  pac-man.o(.data)
    spawnCount                               0x2000008c   Data           1  pac-man.o(.data)
    spawnIndex                               0x2000008d   Data           1  pac-man.o(.data)
    Message                                  0x20000098   Data          12  st7735.o(.bss)
    RxFifo                                   0x200000a4   Data          40  uart.o(.bss)
    pac                                      0x200000cc   Data          40  pac-man.o(.bss)
    Ghosts                                   0x200000f4   Data         160  pac-man.o(.bss)
    FoodArray                                0x20000194   Data         708  pac-man.o(.bss)
    __libspace_start                         0x20000458   Data          96  libspace.o(.bss)
    __temporary_stack_top$libspace           0x200004b8   Data           0  libspace.o(.bss)



==============================================================================

Memory Map of the image

  Image Entry point : 0x0000026d

  Load Region LR_IROM1 (Base: 0x00000000, Size: 0x00034a84, Max: 0x00040000, ABSOLUTE)

    Execution Region ER_IROM1 (Exec base: 0x00000000, Load base: 0x00000000, Size: 0x000349ec, Max: 0x00040000, ABSOLUTE)

    Exec Addr    Load Addr    Size         Type   Attr      Idx    E Section Name        Object

    0x00000000   0x00000000   0x0000026c   Data   RO            3    RESET               startup_tm4c123.o
    0x0000026c   0x0000026c   0x00000008   Code   RO          527  * !!!main             c_w.l(__main.o)
    0x00000274   0x00000274   0x00000034   Code   RO          692    !!!scatter          c_w.l(__scatter.o)
    0x000002a8   0x000002a8   0x0000001a   Code   RO          694    !!handler_copy      c_w.l(__scatter_copy.o)
    0x000002c2   0x000002c2   0x00000002   PAD
    0x000002c4   0x000002c4   0x0000001c   Code   RO          696    !!handler_zi        c_w.l(__scatter_zi.o)
    0x000002e0   0x000002e0   0x00000002   Code   RO          613    .ARM.Collect$$libinit$$00000000  c_w.l(libinit.o)
    0x000002e2   0x000002e2   0x00000000   Code   RO          537    .ARM.Collect$$libinit$$00000002  c_w.l(libinit2.o)
    0x000002e2   0x000002e2   0x00000000   Code   RO          539    .ARM.Collect$$libinit$$00000004  c_w.l(libinit2.o)
    0x000002e2   0x000002e2   0x00000000   Code   RO          542    .ARM.Collect$$libinit$$0000000A  c_w.l(libinit2.o)
    0x000002e2   0x000002e2   0x00000000   Code   RO          544    .ARM.Collect$$libinit$$0000000C  c_w.l(libinit2.o)
    0x000002e2   0x000002e2   0x00000000   Code   RO          546    .ARM.Collect$$libinit$$0000000E  c_w.l(libinit2.o)
    0x000002e2   0x000002e2   0x00000000   Code   RO          549    .ARM.Collect$$libinit$$00000011  c_w.l(libinit2.o)
    0x000002e2   0x000002e2   0x00000000   Code   RO          551    .ARM.Collect$$libinit$$00000013  c_w.l(libinit2.o)
    0x000002e2   0x000002e2   0x00000000   Code   RO          553    .ARM.Collect$$libinit$$00000015  c_w.l(libinit2.o)
    0x000002e2   0x000002e2   0x00000000   Code   RO          555    .ARM.Collect$$libinit$$00000017  c_w.l(libinit2.o)
    0x000002e2   0x000002e2   0x00000000   Code   RO          557    .ARM.Collect$$libinit$$00000019  c_w.l(libinit2.o)
    0x000002e2   0x000002e2   0x00000000   Code   RO          559    .ARM.Collect$$libinit$$0000001B  c_w.l(libinit2.o)
    0x000002e2   0x000002e2   0x00000000   Code   RO          561    .ARM.Collect$$libinit$$0000001D  c_w.l(libinit2.o)
    0x000002e2   0x000002e2   0x00000000   Code   RO          563    .ARM.Collect$$libinit$$0000001F  c_w.l(libinit2.o)
    0x000002e2   0x000002e2   0x00000000   Code   RO          565    .ARM.Collect$$libinit$$00000021  c_w.l(libinit2.o)
    0x000002e2   0x000002e2   0x00000000   Code   RO          567    .ARM.Collect$$libinit$$00000023  c_w.l(libinit2.o)
    0x000002e2   0x000002e2   0x00000000   Code   RO          569    .ARM.Collect$$libinit$$00000025  c_w.l(libinit2.o)
    0x000002e2   0x000002e2   0x00000000   Code   RO          573    .ARM.Collect$$libinit$$0000002C  c_w.l(libinit2.o)
    0x000002e2   0x000002e2   0x00000000   Code   RO          575    .ARM.Collect$$libinit$$0000002E  c_w.l(libinit2.o)
    0x000002e2   0x000002e2   0x00000000   Code   RO          577    .ARM.Collect$$libinit$$00000030  c_w.l(libinit2.o)
    0x000002e2   0x000002e2   0x00000004   Code   RO          578    .ARM.Collect$$libinit$$00000031  c_w.l(libinit2.o)
    0x000002e6   0x000002e6   0x00000000   Code   RO          579    .ARM.Collect$$libinit$$00000032  c_w.l(libinit2.o)
    0x000002e6   0x000002e6   0x00000002   Code   RO          580    .ARM.Collect$$libinit$$00000033  c_w.l(libinit2.o)
    0x000002e8   0x000002e8   0x00000002   Code   RO          651    .ARM.Collect$$libshutdown$$00000000  c_w.l(libshutdown.o)
    0x000002ea   0x000002ea   0x00000000   Code   RO          657    .ARM.Collect$$libshutdown$$00000002  c_w.l(libshutdown2.o)
    0x000002ea   0x000002ea   0x00000000   Code   RO          659    .ARM.Collect$$libshutdown$$00000004  c_w.l(libshutdown2.o)
    0x000002ea   0x000002ea   0x00000000   Code   RO          661    .ARM.Collect$$libshutdown$$00000006  c_w.l(libshutdown2.o)
    0x000002ea   0x000002ea   0x00000000   Code   RO          664    .ARM.Collect$$libshutdown$$00000009  c_w.l(libshutdown2.o)
    0x000002ea   0x000002ea   0x00000000   Code   RO          667    .ARM.Collect$$libshutdown$$0000000C  c_w.l(libshutdown2.o)
    0x000002ea   0x000002ea   0x00000000   Code   RO          669    .ARM.Collect$$libshutdown$$0000000E  c_w.l(libshutdown2.o)
    0x000002ea   0x000002ea   0x00000000   Code   RO          672    .ARM.Collect$$libshutdown$$00000011  c_w.l(libshutdown2.o)
    0x000002ea   0x000002ea   0x00000002   Code   RO          673    .ARM.Collect$$libshutdown$$00000012  c_w.l(libshutdown2.o)
    0x000002ec   0x000002ec   0x00000000   Code   RO          535    .ARM.Collect$$rtentry$$00000000  c_w.l(__rtentry.o)
    0x000002ec   0x000002ec   0x00000000   Code   RO          582    .ARM.Collect$$rtentry$$00000002  c_w.l(__rtentry2.o)
    0x000002ec   0x000002ec   0x00000006   Code   RO          594    .ARM.Collect$$rtentry$$00000004  c_w.l(__rtentry4.o)
    0x000002f2   0x000002f2   0x00000000   Code   RO          584    .ARM.Collect$$rtentry$$00000009  c_w.l(__rtentry2.o)
    0x000002f2   0x000002f2   0x00000004   Code   RO          585    .ARM.Collect$$rtentry$$0000000A  c_w.l(__rtentry2.o)
    0x000002f6   0x000002f6   0x00000000   Code   RO          587    .ARM.Collect$$rtentry$$0000000C  c_w.l(__rtentry2.o)
    0x000002f6   0x000002f6   0x00000008   Code   RO          588    .ARM.Collect$$rtentry$$0000000D  c_w.l(__rtentry2.o)
    0x000002fe   0x000002fe   0x00000002   Code   RO          619    .ARM.Collect$$rtexit$$00000000  c_w.l(rtexit.o)
    0x00000300   0x00000300   0x00000000   Code   RO          631    .ARM.Collect$$rtexit$$00000002  c_w.l(rtexit2.o)
    0x00000300   0x00000300   0x00000004   Code   RO          632    .ARM.Collect$$rtexit$$00000003  c_w.l(rtexit2.o)
    0x00000304   0x00000304   0x00000006   Code   RO          633    .ARM.Collect$$rtexit$$00000004  c_w.l(rtexit2.o)
    0x0000030a   0x0000030a   0x00000002   PAD
    0x0000030c   0x0000030c   0x00000128   Code   RO            4    .text               startup_tm4c123.o
    0x00000434   0x00000434   0x00000054   Code   RO           10    .text               dac.o
    0x00000488   0x00000488   0x0000007c   Code   RO           33    .text               pll.o
    0x00000504   0x00000504   0x000010b0   Code   RO           64    .text               st7735.o
    0x000015b4   0x000015b4   0x00000268   Code   RO           85    .text               slidepot.o
    0x0000181c   0x0000181c   0x000000a8   Code   RO          104    .text               sound.o
    0x000018c4   0x000018c4   0x000000a0   Code   RO          127    .text               timer0.o
    0x00001964   0x00001964   0x00000070   Code   RO          146    .text               timer1.o
    0x000019d4   0x000019d4   0x0000005c   Code   RO          162    .text               uart.o
    0x00001a30   0x00001a30   0x0000001c   Code   RO          185    .text               fifo.o
    0x00001a4c   0x00001a4c   0x00000200   Code   RO          197    .text               texas.o
    0x00001c4c   0x00001c4c   0x000000b4   Code   RO          222    .text               edgetrigger.o
    0x00001d00   0x00001d00   0x00000ee0   Code   RO          241    .text               pac-man.o
    0x00002be0   0x00002be0   0x000008a8   Code   RO          460    .text               sprite.o
    0x00003488   0x00003488   0x0000004a   Code   RO          503    .text               food.o
    0x000034d2   0x000034d2   0x00000064   Code   RO          523    .text               c_w.l(rt_memcpy_w.o)
    0x00003536   0x00003536   0x00000006   Code   RO          525    .text               c_w.l(heapauxi.o)
    0x0000353c   0x0000353c   0x00000024   Code   RO          532    .text               c_w.l(init_aeabi.o)
    0x00003560   0x00003560   0x0000004a   Code   RO          600    .text               c_w.l(sys_stackheap_outer.o)
    0x000035aa   0x000035aa   0x00000012   Code   RO          602    .text               c_w.l(exit.o)
    0x000035bc   0x000035bc   0x00000008   Code   RO          616    .text               c_w.l(libspace.o)
    0x000035c4   0x000035c4   0x00000002   Code   RO          627    .text               c_w.l(use_no_semi.o)
    0x000035c6   0x000035c6   0x00000000   Code   RO          629    .text               c_w.l(indicate_semi.o)
    0x000035c6   0x000035c6   0x00000002   PAD
    0x000035c8   0x000035c8   0x0000000c   Code   RO          643    .text               c_w.l(sys_exit.o)
    0x000035d4   0x000035d4   0x00000842   Data   RO           67    .constdata          st7735.o
    0x00003e16   0x00003e16   0x00000002   PAD
    0x00003e18   0x00003e18   0x0001197c   Data   RO          106    .constdata          sound.o
    0x00015794   0x00015794   0x00014f04   Data   RO          244    .constdata          pac-man.o
    0x0002a698   0x0002a698   0x0000a32a   Data   RO          462    .constdata          sprite.o
    0x000349c2   0x000349c2   0x00000002   PAD
    0x000349c4   0x000349c4   0x00000020   Data   RO          690    Region$$Table       anon$$obj.o
    0x000349e4   0x000349e4   0x00000004   Data   RO          165    .init_array         uart.o
    0x000349e8   0x000349e4   0x00000004   Data   RO          246    .init_array         pac-man.o
    0x000349ec   0x000349e4   0x00000000   Data   RO          530    .init_array         c_w.l(init_aeabi.o)


    Execution Region RW_IRAM1 (Exec base: 0x20000000, Load base: 0x000349ec, Size: 0x00000cb8, Max: 0x00008000, ABSOLUTE)

    Exec Addr    Load Addr    Size         Type   Attr      Idx    E Section Name        Object

    0x20000000   0x000349ec   0x0000002c   Data   RW           68    .data               st7735.o
    0x2000002c   0x00034a18   0x00000014   Data   RW          107    .data               sound.o
    0x20000040   0x00034a2c   0x00000008   Data   RW          129    .data               timer0.o
    0x20000048   0x00034a34   0x00000004   Data   RW          148    .data               timer1.o
    0x2000004c   0x00034a38   0x00000004   Data   RW          224    .data               edgetrigger.o
    0x20000050   0x00034a3c   0x00000045   Data   RW          245    .data               pac-man.o
    0x20000095   0x00034a81   0x00000003   Data   RW          463    .data               sprite.o
    0x20000098        -       0x0000000c   Zero   RW           66    .bss                st7735.o
    0x200000a4        -       0x00000028   Zero   RW          164    .bss                uart.o
    0x200000cc        -       0x0000038c   Zero   RW          243    .bss                pac-man.o
    0x20000458        -       0x00000060   Zero   RW          617    .bss                c_w.l(libspace.o)
    0x200004b8        -       0x00000400   Zero   RW            2    HEAP                startup_tm4c123.o
    0x200008b8        -       0x00000400   Zero   RW            1    STACK               startup_tm4c123.o


==============================================================================

Image component sizes


      Code (inc. data)   RO Data    RW Data    ZI Data      Debug   Object Name

        84         14          0          0          0       5235   dac.o
       180         24          0          4          0       1236   edgetrigger.o
        28          0          0          0          0       1212   fifo.o
        74          0          0          0          0       2436   food.o
      3808        320      85768         69        908      10758   pac-man.o
       124          4          0          0          0        447   pll.o
       616         38          0          0          0       4089   slidepot.o
       168         20      72060         20          0       2221   sound.o
      2216         40      41770          3          0      12812   sprite.o
      4272        234       2114         44         12      17000   st7735.o
       296         22        620          0       2048       5588   startup_tm4c123.o
       512         56          0          0          0       1493   texas.o
       160         24          0          8          0       1238   timer0.o
       112         22          0          4          0       1158   timer1.o
        92          4          4          0         40       2213   uart.o

    ----------------------------------------------------------------------
     12742        822     202372        152       3008      69136   Object Totals
         0          0         32          0          0          0   (incl. Generated)
         0          0          4          0          0          0   (incl. Padding)

    ----------------------------------------------------------------------

      Code (inc. data)   RO Data    RW Data    ZI Data      Debug   Library Member Name

         8          0          0          0          0         68   __main.o
         0          0          0          0          0          0   __rtentry.o
        12          0          0          0          0          0   __rtentry2.o
         6          0          0          0          0          0   __rtentry4.o
        52          8          0          0          0          0   __scatter.o
        26          0          0          0          0          0   __scatter_copy.o
        28          0          0          0          0          0   __scatter_zi.o
        18          0          0          0          0         80   exit.o
         6          0          0          0          0        152   heapauxi.o
         0          0          0          0          0          0   indicate_semi.o
        36         10          0          0          0         80   init_aeabi.o
         2          0          0          0          0          0   libinit.o
         6          0          0          0          0          0   libinit2.o
         2          0          0          0          0          0   libshutdown.o
         2          0          0          0          0          0   libshutdown2.o
         8          4          0          0         96         68   libspace.o
       100          0          0          0          0         80   rt_memcpy_w.o
         2          0          0          0          0          0   rtexit.o
        10          0          0          0          0          0   rtexit2.o
        12          4          0          0          0         68   sys_exit.o
        74          0          0          0          0         80   sys_stackheap_outer.o
         2          0          0          0          0         68   use_no_semi.o

    ----------------------------------------------------------------------
       418         26          0          0         96        744   Library Totals
         6          0          0          0          0          0   (incl. Padding)

    ----------------------------------------------------------------------

      Code (inc. data)   RO Data    RW Data    ZI Data      Debug   Library Name

       412         26          0          0         96        744   c_w.l

    ----------------------------------------------------------------------
       418         26          0          0         96        744   Library Totals

    ----------------------------------------------------------------------

==============================================================================


      Code (inc. data)   RO Data    RW Data    ZI Data      Debug   

     13160        848     202372        152       3104      68056   Grand Totals
     13160        848     202372        152       3104      68056   ELF Image Totals
     13160        848     202372        152          0          0   ROM Totals

==============================================================================

    Total RO  Size (Code + RO Data)               215532 ( 210.48kB)
    Total RW  Size (RW Data + ZI Data)              3256 (   3.18kB)
    Total ROM Size (Code + RO Data + RW Data)     215684 ( 210.63kB)

==============================================================================

